Component: ARM Compiler 5.06 update 6 (build 750) Tool: armlink [4d35ed]

==============================================================================

Section Cross References

    main.o(.text) refers to misc.o(.text) for NVIC_PriorityGroupConfig
    main.o(.text) refers to delay.o(.text) for delay_init
    main.o(.text) refers to usart1.o(.text) for USART1_Configuration
    main.o(.text) refers to mpu6050_driver.o(.text) for MPU6050_Initialization
    main.o(.text) refers to can1.o(.text) for CAN1_Configuration
    main.o(.text) refers to can2.o(.text) for CAN2_Configuration
    main.o(.text) refers to usart2.o(.text) for USART2_Configuration
    main.o(.text) refers to usart3.o(.text) for USART3_Configuration
    main.o(.text) refers to uart4.o(.text) for UART4_Configuration
    main.o(.text) refers to tim2.o(.text) for TIM2_Configuration
    main.o(.text) refers to led.o(.text) for Led_Configuration
    main.o(.text) refers to nvic.o(.text) for Nvic
    main.o(.text) refers to printf3.o(i.__0printf$3) for __2printf
    main.o(.text) refers to start.o(.text) for startTast
    main.o(.text) refers to tasks.o(.text) for vTaskStartScheduler
    main.o(.text) refers to main.o(.conststring) for .conststring
    stm32f4xx_rng.o(.text) refers to stm32f4xx_rcc.o(.text) for RCC_AHB2PeriphResetCmd
    stm32f4xx_tim.o(.text) refers to stm32f4xx_rcc.o(.text) for RCC_APB2PeriphResetCmd
    stm32f4xx_adc.o(.text) refers to stm32f4xx_rcc.o(.text) for RCC_APB2PeriphResetCmd
    stm32f4xx_rcc.o(.text) refers to stm32f4xx_rcc.o(.data) for APBAHBPrescTable
    stm32f4xx_can.o(.text) refers to stm32f4xx_rcc.o(.text) for RCC_APB1PeriphResetCmd
    stm32f4xx_gpio.o(.text) refers to stm32f4xx_rcc.o(.text) for RCC_AHB1PeriphResetCmd
    stm32f4xx_usart.o(.text) refers to stm32f4xx_rcc.o(.text) for RCC_APB2PeriphResetCmd
    stm32f4xx_syscfg.o(.text) refers to stm32f4xx_rcc.o(.text) for RCC_APB2PeriphResetCmd
    system_stm32f4xx.o(.text) refers to system_stm32f4xx.o(.data) for SystemCoreClock
    startup_stm32f4xx.o(RESET) refers to startup_stm32f4xx.o(STACK) for __initial_sp
    startup_stm32f4xx.o(RESET) refers to startup_stm32f4xx.o(.text) for Reset_Handler
    startup_stm32f4xx.o(RESET) refers to stm32f4xx_it.o(.text) for NMI_Handler
    startup_stm32f4xx.o(RESET) refers to port.o(.emb_text) for SVC_Handler
    startup_stm32f4xx.o(RESET) refers to delay.o(.text) for SysTick_Handler
    startup_stm32f4xx.o(RESET) refers to usart2.o(.text) for DMA1_Stream6_IRQHandler
    startup_stm32f4xx.o(RESET) refers to can_task.o(.text) for CAN1_RX0_IRQHandler
    startup_stm32f4xx.o(RESET) refers to tim2.o(.text) for TIM2_IRQHandler
    startup_stm32f4xx.o(RESET) refers to usart3.o(.text) for USART3_IRQHandler
    startup_stm32f4xx.o(RESET) refers to dbus.o(.text) for UART4_IRQHandler
    startup_stm32f4xx.o(.text) refers to system_stm32f4xx.o(.text) for SystemInit
    startup_stm32f4xx.o(.text) refers to entry.o(.ARM.Collect$$$$00000000) for __main
    stm32f4xx_dac.o(.text) refers to stm32f4xx_rcc.o(.text) for RCC_APB1PeriphResetCmd
    delay.o(.text) refers to tasks.o(.text) for xTaskGetSchedulerState
    delay.o(.text) refers to port.o(.text) for xPortSysTickHandler
    delay.o(.text) refers to misc.o(.text) for SysTick_CLKSourceConfig
    delay.o(.text) refers to delay.o(.data) for fac_us
    nvic.o(.text) refers to misc.o(.text) for NVIC_Init
    dbus.o(.text) refers to stm32f4xx_usart.o(.text) for USART_GetITStatus
    dbus.o(.text) refers to stm32f4xx_dma.o(.text) for DMA_GetCurrentMemoryTarget
    dbus.o(.text) refers to dbus.o(.data) for Access_buffer
    dbus.o(.text) refers to dbus.o(.bss) for dbus_buf0
    judge.o(.text) refers to judge.o(.constdata) for CRC8_TAB
    judge.o(.text) refers to judge.o(.data) for CRC_INIT
    laser.o(.text) refers to stm32f4xx_rcc.o(.text) for RCC_AHB1PeriphClockCmd
    laser.o(.text) refers to stm32f4xx_gpio.o(.text) for GPIO_Init
    led.o(.text) refers to stm32f4xx_rcc.o(.text) for RCC_AHB1PeriphClockCmd
    led.o(.text) refers to stm32f4xx_gpio.o(.text) for GPIO_Init
    usart1.o(.text) refers to stm32f4xx_rcc.o(.text) for RCC_AHB1PeriphClockCmd
    usart1.o(.text) refers to stm32f4xx_gpio.o(.text) for GPIO_PinAFConfig
    usart1.o(.text) refers to stm32f4xx_usart.o(.text) for USART_Init
    usart3.o(.text) refers to stm32f4xx_rcc.o(.text) for RCC_AHB1PeriphClockCmd
    usart3.o(.text) refers to stm32f4xx_gpio.o(.text) for GPIO_PinAFConfig
    usart3.o(.text) refers to stm32f4xx_usart.o(.text) for USART_DeInit
    usart3.o(.text) refers to stm32f4xx_dma.o(.text) for DMA_DeInit
    usart3.o(.text) refers to queue.o(.text) for xQueueGiveFromISR
    usart3.o(.text) refers to usart3.o(.bss) for RX_BUF
    usart3.o(.text) refers to usart3.o(.data) for USART3temp
    usart3.o(.text) refers to start.o(.data) for BinarySemaphore
    uart4.o(.text) refers to stm32f4xx_rcc.o(.text) for RCC_AHB1PeriphClockCmd
    uart4.o(.text) refers to stm32f4xx_gpio.o(.text) for GPIO_PinAFConfig
[...]
    .text                                    0x080096b4   Section        0  dflti.o(.text)
    .text                                    0x080096d6   Section        0  d2f.o(.text)
    .text                                    0x0800970e   Section        0  uidiv.o(.text)
    .text                                    0x0800973a   Section        0  fepilogue.o(.text)
    .text                                    0x0800973a   Section        0  iusefp.o(.text)
    .text                                    0x080097a8   Section        0  depilogue.o(.text)
    .text                                    0x08009864   Section       36  init.o(.text)
    .text                                    0x08009888   Section        0  llshl.o(.text)
    .text                                    0x080098a6   Section        0  llushr.o(.text)
    .text                                    0x080098c6   Section        0  __dczerorl2.o(.text)
    i.__0printf$3                            0x0800991c   Section        0  printf3.o(i.__0printf$3)
    i.__0sprintf$3                           0x0800993c   Section        0  printf3.o(i.__0sprintf$3)
    i.__scatterload_copy                     0x08009964   Section       14  handlers.o(i.__scatterload_copy)
    i.__scatterload_null                     0x08009972   Section        2  handlers.o(i.__scatterload_null)
    i.__scatterload_zeroinit                 0x08009974   Section       14  handlers.o(i.__scatterload_zeroinit)
    i._printf_core                           0x08009984   Section        0  printf3.o(i._printf_core)
    _printf_core                             0x08009985   Thumb Code   436  printf3.o(i._printf_core)
    i._sputc                                 0x08009b3c   Section        0  printf3.o(i._sputc)
    _sputc                                   0x08009b3d   Thumb Code    10  printf3.o(i._sputc)
    .constdata                               0x08009b46   Section      770  judge.o(.constdata)
    .constdata                               0x08009e48   Section      588  pid.o(.constdata)
    ruleKp                                   0x08009e48   Data         196  pid.o(.constdata)
    ruleKi                                   0x08009f0c   Data         196  pid.o(.constdata)
    ruleKd                                   0x08009fd0   Data         196  pid.o(.constdata)
    .conststring                             0x0800a094   Section       79  main.o(.conststring)
    .data                                    0x20000000   Section       16  stm32f4xx_rcc.o(.data)
    APBAHBPrescTable                         0x20000000   Data          16  stm32f4xx_rcc.o(.data)
    .data                                    0x20000010   Section       20  system_stm32f4xx.o(.data)
    .data                                    0x20000024   Section        4  delay.o(.data)
    fac_us                                   0x20000024   Data           1  delay.o(.data)
    fac_ms                                   0x20000026   Data           2  delay.o(.data)
    .data                                    0x20000028   Section        4  dbus.o(.data)
    this_time_rx_len                         0x2000002a   Data           2  dbus.o(.data)
    .data                                    0x2000002c   Section        2  judge.o(.data)
    .data                                    0x2000002e   Section        1  usart3.o(.data)
    .data                                    0x20000030   Section       69  usart2.o(.data)
    .data                                    0x20000078   Section        4  tim2.o(.data)
    .data                                    0x2000007c   Section       12  mpu6050_driver.o(.data)
    .data                                    0x20000088   Section       60  tasks.o(.data)
    pxDelayedTaskList                        0x2000008c   Data           4  tasks.o(.data)
    pxOverflowDelayedTaskList                0x20000090   Data           4  tasks.o(.data)
    uxDeletedTasksWaitingCleanUp             0x20000094   Data           4  tasks.o(.data)
    uxCurrentNumberOfTasks                   0x20000098   Data           4  tasks.o(.data)
    xTickCount                               0x2000009c   Data           4  tasks.o(.data)
    uxTopReadyPriority                       0x200000a0   Data           4  tasks.o(.data)
    xSchedulerRunning                        0x200000a4   Data           4  tasks.o(.data)
    uxPendedTicks                            0x200000a8   Data           4  tasks.o(.data)
    xYieldPending                            0x200000ac   Data           4  tasks.o(.data)
    xNumOfOverflows                          0x200000b0   Data           4  tasks.o(.data)
    uxTaskNumber                             0x200000b4   Data           4  tasks.o(.data)
    xNextTaskUnblockTime                     0x200000b8   Data           4  tasks.o(.data)
    xIdleTaskHandle                          0x200000bc   Data           4  tasks.o(.data)
    uxSchedulerSuspended                     0x200000c0   Data           4  tasks.o(.data)
    .data                                    0x200000c4   Section       20  timers.o(.data)
    pxCurrentTimerList                       0x200000c4   Data           4  timers.o(.data)
    pxOverflowTimerList                      0x200000c8   Data           4  timers.o(.data)
    xTimerQueue                              0x200000cc   Data           4  timers.o(.data)
    xTimerTaskHandle                         0x200000d0   Data           4  timers.o(.data)
    xLastTime                                0x200000d4   Data           4  timers.o(.data)
    .data                                    0x200000d8   Section       24  heap_4.o(.data)
    xStart                                   0x200000d8   Data           8  heap_4.o(.data)
    pxEnd                                    0x200000e0   Data           4  heap_4.o(.data)
    xFreeBytesRemaining                      0x200000e4   Data           4  heap_4.o(.data)
    xMinimumEverFreeBytesRemaining           0x200000e8   Data           4  heap_4.o(.data)
    xBlockAllocatedBit                       0x200000ec   Data           4  heap_4.o(.data)
    .data                                    0x200000f0   Section       12  port.o(.data)
    uxCriticalNesting                        0x200000f0   Data           4  port.o(.data)
    ucMaxSysCallPriority                     0x200000f4   Data           1  port.o(.data)
    ulMaxPRIGROUPValue                       0x200000f8   Data           4  port.o(.data)
    .data                                    0x200000fc   Section       20  start.o(.data)
    .data                                    0x20000110   Section      188  condition.o(.data)
    .data                                    0x200001cc   Section        3  clude.o(.data)
    a                                        0x200001cc   Data           1  clude.o(.data)
    r                                        0x200001cd   Data           1  clude.o(.data)
    k                                        0x200001ce   Data           1  clude.o(.data)
    .data                                    0x200001d0   Section        4  stdout.o(.data)
    .bss                                     0x200001d4   Section       58  dbus.o(.bss)
    .bss                                     0x20000210   Section       72  usart3.o(.bss)
    .bss                                     0x20000258   Section      359  usart2.o(.bss)
    .bss                                     0x200003c0   Section       44  mpu6050_driver.o(.bss)
    .bss                                     0x200003ec   Section       64  queue.o(.bss)
    .bss                                     0x2000042c   Section      740  tasks.o(.bss)
    pxReadyTasksLists                        0x2000042c   Data         640  tasks.o(.bss)
    xDelayedTaskList1                        0x200006ac   Data          20  tasks.o(.bss)
    xDelayedTaskList2                        0x200006c0   Data          20  tasks.o(.bss)
    xPendingReadyList                        0x200006d4   Data          20  tasks.o(.bss)
    xTasksWaitingTermination                 0x200006e8   Data          20  tasks.o(.bss)
    xSuspendedTaskList                       0x200006fc   Data          20  tasks.o(.bss)
    .bss                                     0x20000710   Section       40  timers.o(.bss)
    xActiveTimerList1                        0x20000710   Data          20  timers.o(.bss)
    xActiveTimerList2                        0x20000724   Data          20  timers.o(.bss)
    .bss                                     0x20000738   Section    20480  heap_4.o(.bss)
    ucHeap                                   0x20000738   Data       20480  heap_4.o(.bss)
    .bss                                     0x20005738   Section      848  message.o(.bss)
    .bss                                     0x20005a88   Section       12  condition.o(.bss)
    STACK                                    0x20005a98   Section     1024  startup_stm32f4xx.o(STACK)

    Global Symbols

    Symbol Name                              Value     Ov Type        Size  Object(Section)

    BuildAttributes$$THM_ISAv4$E$P$D$K$B$S$7EM$VFPi3$EXTD16$VFPS$VFMA$PE$A:L22UL41UL21$X:L11$S22US41US21$IEEE1$IW$USESV6$~STKCKD$USESV7$~SHL$OTIME$ROPI$IEEEX$EBA8$MICROLIB$REQ8$PRES8$EABIv2 0x00000000   Number         0  anon$$obj.o ABSOLUTE
    __ARM_use_no_argv                        0x00000000   Number         0  main.o ABSOLUTE
    _printf_a                                0x00000000   Number         0  stubs.o ABSOLUTE
    _printf_c                                0x00000000   Number         0  stubs.o ABSOLUTE
    _printf_charcount                        0x00000000   Number         0  stubs.o ABSOLUTE
    _printf_d                                0x00000000   Number         0  stubs.o ABSOLUTE
    _printf_e                                0x00000000   Number         0  stubs.o ABSOLUTE
    _printf_f                                0x00000000   Number         0  stubs.o ABSOLUTE
    _printf_flags                            0x00000000   Number         0  stubs.o ABSOLUTE
    _printf_fp_dec                           0x00000000   Number         0  stubs.o ABSOLUTE
    _printf_fp_hex                           0x00000000   Number         0  stubs.o ABSOLUTE
    _printf_g                                0x00000000   Number         0  stubs.o ABSOLUTE
    _printf_i                                0x00000000   Number         0  stubs.o ABSOLUTE
    _printf_int_dec                          0x00000000   Number         0  stubs.o ABSOLUTE
    _printf_l                                0x00000000   Number         0  stubs.o ABSOLUTE
    _printf_lc                               0x00000000   Number         0  stubs.o ABSOLUTE
    _printf_ll                               0x00000000   Number         0  stubs.o ABSOLUTE
    _printf_lld                              0x00000000   Number         0  stubs.o ABSOLUTE
    _printf_lli                              0x00000000   Number         0  stubs.o ABSOLUTE
    _printf_llo                              0x00000000   Number         0  stubs.o ABSOLUTE
    _printf_llu                              0x00000000   Number         0  stubs.o ABSOLUTE
    _printf_llx                              0x00000000   Number         0  stubs.o ABSOLUTE
    _printf_longlong_dec                     0x00000000   Number         0  stubs.o ABSOLUTE
    _printf_longlong_hex                     0x00000000   Number         0  stubs.o ABSOLUTE
    _printf_longlong_oct                     0x00000000   Number         0  stubs.o ABSOLUTE
    _printf_ls                               0x00000000   Number         0  stubs.o ABSOLUTE
    _printf_mbtowc                           0x00000000   Number         0  stubs.o ABSOLUTE
    _printf_n                                0x00000000   Number         0  stubs.o ABSOLUTE
    _printf_o                                0x00000000   Number         0  stubs.o ABSOLUTE
    _printf_p                                0x00000000   Number         0  stubs.o ABSOLUTE
    _printf_percent                          0x00000000   Number         0  stubs.o ABSOLUTE
    _printf_pre_padding                      0x00000000   Number         0  stubs.o ABSOLUTE
    _printf_return_value                     0x00000000   Number         0  stubs.o ABSOLUTE
    _printf_s                                0x00000000   Number         0  stubs.o ABSOLUTE
    _printf_sizespec                         0x00000000   Number         0  stubs.o ABSOLUTE
    _printf_str                              0x00000000   Number         0  stubs.o ABSOLUTE
    _printf_truncate_signed                  0x00000000   Number         0  stubs.o ABSOLUTE
    _printf_truncate_unsigned                0x00000000   Number         0  stubs.o ABSOLUTE
    _printf_u                                0x00000000   Number         0  stubs.o ABSOLUTE
    _printf_wc                               0x00000000   Number         0  stubs.o ABSOLUTE
    _printf_wctomb                           0x00000000   Number         0  stubs.o ABSOLUTE
    _printf_widthprec                        0x00000000   Number         0  stubs.o ABSOLUTE
    _printf_x                                0x00000000   Number         0  stubs.o ABSOLUTE
    __cpp_initialize__aeabi_                  - Undefined Weak Reference
    __cxa_finalize                            - Undefined Weak Reference
    _clock_init                               - Undefined Weak Reference
    _microlib_exit                            - Undefined Weak Reference
    __Vectors_Size                           0x00000188   Number         0  startup_stm32f4xx.o ABSOLUTE
    __Vectors                                0x08000000   Data           4  startup_stm32f4xx.o(RESET)
    __Vectors_End                            0x08000188   Data           0  startup_stm32f4xx.o(RESET)
    __main                                   0x08000189   Thumb Code     0  entry.o(.ARM.Collect$$$$00000000)
    _main_stk                                0x08000189   Thumb Code     0  entry2.o(.ARM.Collect$$$$00000001)
    _main_scatterload                        0x0800018d   Thumb Code     0  entry5.o(.ARM.Collect$$$$00000004)
    __main_after_scatterload                 0x08000191   Thumb Code     0  entry5.o(.ARM.Collect$$$$00000004)
    _main_clock                              0x08000191   Thumb Code     0  entry7b.o(.ARM.Collect$$$$00000008)
    _main_cpp_init                           0x08000191   Thumb Code     0  entry8b.o(.ARM.Collect$$$$0000000A)
    _main_init                               0x08000191   Thumb Code     0  entry9a.o(.ARM.Collect$$$$0000000B)
    __rt_final_cpp                           0x08000199   Thumb Code     0  entry10a.o(.ARM.Collect$$$$0000000D)
    __rt_final_exit                          0x08000199   Thumb Code     0  entry11a.o(.ARM.Collect$$$$0000000F)
    SVC_Handler                              0x0800019d   Thumb Code    28  port.o(.emb_text)
    __asm___6_port_c_39a90d8d__prvStartFirstTask 0x080001bd   Thumb Code    36  port.o(.emb_text)
    __asm___6_port_c_39a90d8d__prvEnableVFP  0x080001e5   Thumb Code    16  port.o(.emb_text)
    PendSV_Handler                           0x080001f9   Thumb Code    88  port.o(.emb_text)
    vPortGetIPSR                             0x08000255   Thumb Code     6  port.o(.emb_text)
    main                                     0x0800025d   Thumb Code    92  main.o(.text)
    NVIC_PriorityGroupConfig                 0x080002bd   Thumb Code    10  misc.o(.text)
    NVIC_Init                                0x080002c7   Thumb Code   106  misc.o(.text)
    NVIC_SetVectorTable                      0x08000331   Thumb Code    14  misc.o(.text)
    NVIC_SystemLPConfig                      0x0800033f   Thumb Code    34  misc.o(.text)
    SysTick_CLKSourceConfig                  0x08000361   Thumb Code    40  misc.o(.text)
    NMI_Handler                              0x0800039d   Thumb Code     2  stm32f4xx_it.o(.text)
    HardFault_Handler                        0x0800039f   Thumb Code     4  stm32f4xx_it.o(.text)
    MemManage_Handler                        0x080003a3   Thumb Code     4  stm32f4xx_it.o(.text)
    BusFault_Handler                         0x080003a7   Thumb Code     4  stm32f4xx_it.o(.text)
    UsageFault_Handler                       0x080003ab   Thumb Code     4  stm32f4xx_it.o(.text)
    DebugMon_Handler                         0x080003af   Thumb Code     2  stm32f4xx_it.o(.text)
    TIM_DeInit                               0x080003b1   Thumb Code   346  stm32f4xx_tim.o(.text)
    TIM_TimeBaseInit                         0x0800050b   Thumb Code   104  stm32f4xx_tim.o(.text)
    TIM_TimeBaseStructInit                   0x08000573   Thumb Code    18  stm32f4xx_tim.o(.text)
    TIM_PrescalerConfig                      0x08000585   Thumb Code     6  stm32f4xx_tim.o(.text)
    TIM_CounterModeConfig                    0x0800058b   Thumb Code    18  stm32f4xx_tim.o(.text)
    TIM_SetCounter                           0x0800059d   Thumb Code     4  stm32f4xx_tim.o(.text)
    TIM_SetAutoreload                        0x080005a1   Thumb Code     4  stm32f4xx_tim.o(.text)
    TIM_GetCounter                           0x080005a5   Thumb Code     6  stm32f4xx_tim.o(.text)
    TIM_GetPrescaler                         0x080005ab   Thumb Code     6  stm32f4xx_tim.o(.text)
    TIM_UpdateDisableConfig                  0x080005b1   Thumb Code    24  stm32f4xx_tim.o(.text)
    TIM_UpdateRequestConfig                  0x080005c9   Thumb Code    24  stm32f4xx_tim.o(.text)
    TIM_ARRPreloadConfig                     0x080005e1   Thumb Code    24  stm32f4xx_tim.o(.text)
    TIM_SelectOnePulseMode                   0x080005f9   Thumb Code    18  stm32f4xx_tim.o(.text)
    TIM_SetClockDivision                     0x0800060b   Thumb Code    18  stm32f4xx_tim.o(.text)
    TIM_Cmd                                  0x0800061d   Thumb Code    24  stm32f4xx_tim.o(.text)
    TIM_OC1Init                              0x08000635   Thumb Code   114  stm32f4xx_tim.o(.text)
    TIM_OC2Init                              0x080006a7   Thumb Code   154  stm32f4xx_tim.o(.text)
    TIM_OC3Init                              0x08000741   Thumb Code   204  stm32f4xx_tim.o(.text)
    TIM_OC4Init                              0x0800080d   Thumb Code   112  stm32f4xx_tim.o(.text)
    TIM_OCStructInit                         0x0800087d   Thumb Code    20  stm32f4xx_tim.o(.text)
    TIM_SelectOCxM                           0x08000891   Thumb Code    86  stm32f4xx_tim.o(.text)
    TIM_SetCompare1                          0x080008e7   Thumb Code     4  stm32f4xx_tim.o(.text)
    TIM_SetCompare2                          0x080008eb   Thumb Code     4  stm32f4xx_tim.o(.text)
    TIM_SetCompare3                          0x080008ef   Thumb Code     4  stm32f4xx_tim.o(.text)
    TIM_SetCompare4                          0x080008f3   Thumb Code     4  stm32f4xx_tim.o(.text)
    TIM_ForcedOC1Config                      0x080008f7   Thumb Code    18  stm32f4xx_tim.o(.text)
    TIM_ForcedOC2Config                      0x08000909   Thumb Code    26  stm32f4xx_tim.o(.text)
    TIM_ForcedOC3Config                      0x08000923   Thumb Code    18  stm32f4xx_tim.o(.text)
    TIM_ForcedOC4Config                      0x08000935   Thumb Code    26  stm32f4xx_tim.o(.text)
    TIM_OC1PreloadConfig                     0x0800094f   Thumb Code    18  stm32f4xx_tim.o(.text)
    TIM_OC2PreloadConfig                     0x08000961   Thumb Code    26  stm32f4xx_tim.o(.text)
    TIM_OC3PreloadConfig                     0x0800097b   Thumb Code    18  stm32f4xx_tim.o(.text)
    TIM_OC4PreloadConfig                     0x0800098d   Thumb Code    26  stm32f4xx_tim.o(.text)
    TIM_OC1FastConfig                        0x080009a7   Thumb Code    18  stm32f4xx_tim.o(.text)
    TIM_OC2FastConfig                        0x080009b9   Thumb Code    26  stm32f4xx_tim.o(.text)
    TIM_OC3FastConfig                        0x080009d3   Thumb Code    18  stm32f4xx_tim.o(.text)
    TIM_OC4FastConfig                        0x080009e5   Thumb Code    26  stm32f4xx_tim.o(.text)
    TIM_ClearOC1Ref                          0x080009ff   Thumb Code    18  stm32f4xx_tim.o(.text)
    TIM_ClearOC2Ref                          0x08000a11   Thumb Code    24  stm32f4xx_tim.o(.text)
    TIM_ClearOC3Ref                          0x08000a29   Thumb Code    18  stm32f4xx_tim.o(.text)
    TIM_ClearOC4Ref                          0x08000a3b   Thumb Code    24  stm32f4xx_tim.o(.text)
    TIM_OC1PolarityConfig                    0x08000a53   Thumb Code    18  stm32f4xx_tim.o(.text)
    TIM_OC1NPolarityConfig                   0x08000a65   Thumb Code    18  stm32f4xx_tim.o(.text)
    TIM_OC2PolarityConfig                    0x08000a77   Thumb Code    26  stm32f4xx_tim.o(.text)
    TIM_OC2NPolarityConfig                   0x08000a91   Thumb Code    26  stm32f4xx_tim.o(.text)
    TIM_OC3PolarityConfig                    0x08000aab   Thumb Code    26  stm32f4xx_tim.o(.text)
    TIM_OC3NPolarityConfig                   0x08000ac5   Thumb Code    26  stm32f4xx_tim.o(.text)
    TIM_OC4PolarityConfig                    0x08000adf   Thumb Code    26  stm32f4xx_tim.o(.text)
    TIM_CCxCmd                               0x08000af9   Thumb Code    30  stm32f4xx_tim.o(.text)
    TIM_CCxNCmd                              0x08000b17   Thumb Code    30  stm32f4xx_tim.o(.text)
    TIM_SetIC4Prescaler                      0x08000b35   Thumb Code    26  stm32f4xx_tim.o(.text)
    TIM_SetIC3Prescaler                      0x08000b9f   Thumb Code    18  stm32f4xx_tim.o(.text)
    TIM_SetIC2Prescaler                      0x08000bf9   Thumb Code    26  stm32f4xx_tim.o(.text)
    TIM_SetIC1Prescaler                      0x08000c6d   Thumb Code    18  stm32f4xx_tim.o(.text)
    TIM_ICInit                               0x08000cb9   Thumb Code   110  stm32f4xx_tim.o(.text)
    TIM_ICStructInit                         0x08000d27   Thumb Code    18  stm32f4xx_tim.o(.text)
    TIM_PWMIConfig                           0x08000d39   Thumb Code   124  stm32f4xx_tim.o(.text)
    TIM_GetCapture1                          0x08000db5   Thumb Code     6  stm32f4xx_tim.o(.text)
    TIM_GetCapture2                          0x08000dbb   Thumb Code     6  stm32f4xx_tim.o(.text)
    TIM_GetCapture3                          0x08000dc1   Thumb Code     6  stm32f4xx_tim.o(.text)
    TIM_GetCapture4                          0x08000dc7   Thumb Code     6  stm32f4xx_tim.o(.text)
    TIM_BDTRConfig                           0x08000dcd   Thumb Code    32  stm32f4xx_tim.o(.text)
    TIM_BDTRStructInit                       0x08000ded   Thumb Code    18  stm32f4xx_tim.o(.text)
    TIM_CtrlPWMOutputs                       0x08000dff   Thumb Code    30  stm32f4xx_tim.o(.text)
    TIM_SelectCOM                            0x08000e1d   Thumb Code    24  stm32f4xx_tim.o(.text)
    TIM_CCPreloadControl                     0x08000e35   Thumb Code    24  stm32f4xx_tim.o(.text)
    TIM_ITConfig                             0x08000e4d   Thumb Code    18  stm32f4xx_tim.o(.text)
    TIM_GenerateEvent                        0x08000e5f   Thumb Code     4  stm32f4xx_tim.o(.text)
    TIM_GetFlagStatus                        0x08000e63   Thumb Code    18  stm32f4xx_tim.o(.text)
    TIM_ClearFlag                            0x08000e75   Thumb Code     6  stm32f4xx_tim.o(.text)
    TIM_GetITStatus                          0x08000e7b   Thumb Code    34  stm32f4xx_tim.o(.text)
    TIM_ClearITPendingBit                    0x08000e9d   Thumb Code     6  stm32f4xx_tim.o(.text)
    TIM_DMAConfig                            0x08000ea3   Thumb Code    10  stm32f4xx_tim.o(.text)
    TIM_DMACmd                               0x08000ead   Thumb Code    18  stm32f4xx_tim.o(.text)
    TIM_SelectCCDMA                          0x08000ebf   Thumb Code    24  stm32f4xx_tim.o(.text)
    TIM_InternalClockConfig                  0x08000ed7   Thumb Code    12  stm32f4xx_tim.o(.text)
    TIM_SelectInputTrigger                   0x08000ee3   Thumb Code    18  stm32f4xx_tim.o(.text)
    TIM_ITRxExternalClockConfig              0x08000ef5   Thumb Code    24  stm32f4xx_tim.o(.text)
    TIM_TIxExternalClockConfig               0x08000f0d   Thumb Code    62  stm32f4xx_tim.o(.text)
    TIM_ETRConfig                            0x08000f4b   Thumb Code    28  stm32f4xx_tim.o(.text)
    TIM_ETRClockMode1Config                  0x08000f67   Thumb Code    54  stm32f4xx_tim.o(.text)
    TIM_ETRClockMode2Config                  0x08000f9d   Thumb Code    32  stm32f4xx_tim.o(.text)
    TIM_SelectOutputTrigger                  0x08000fbd   Thumb Code    18  stm32f4xx_tim.o(.text)
    TIM_SelectSlaveMode                      0x08000fcf   Thumb Code    18  stm32f4xx_tim.o(.text)
    TIM_SelectMasterSlaveMode                0x08000fe1   Thumb Code    18  stm32f4xx_tim.o(.text)
    TIM_EncoderInterfaceConfig               0x08000ff3   Thumb Code    66  stm32f4xx_tim.o(.text)
    TIM_SelectHallSensor                     0x08001035   Thumb Code    24  stm32f4xx_tim.o(.text)
    TIM_RemapConfig                          0x0800104d   Thumb Code     6  stm32f4xx_tim.o(.text)
    RCC_DeInit                               0x08001055   Thumb Code    60  stm32f4xx_rcc.o(.text)
    RCC_HSEConfig                            0x08001091   Thumb Code    14  stm32f4xx_rcc.o(.text)
    RCC_GetFlagStatus                        0x0800109f   Thumb Code    60  stm32f4xx_rcc.o(.text)
    RCC_WaitForHSEStartUp                    0x080010db   Thumb Code    56  stm32f4xx_rcc.o(.text)
    RCC_AdjustHSICalibrationValue            0x08001113   Thumb Code    20  stm32f4xx_rcc.o(.text)
    RCC_HSICmd                               0x08001127   Thumb Code     6  stm32f4xx_rcc.o(.text)
    RCC_LSEConfig                            0x0800112d   Thumb Code    46  stm32f4xx_rcc.o(.text)
    RCC_LSICmd                               0x0800115b   Thumb Code     6  stm32f4xx_rcc.o(.text)
    RCC_PLLConfig                            0x08001161   Thumb Code    32  stm32f4xx_rcc.o(.text)
    RCC_PLLCmd                               0x08001181   Thumb Code     6  stm32f4xx_rcc.o(.text)
    RCC_PLLI2SConfig                         0x08001187   Thumb Code    14  stm32f4xx_rcc.o(.text)
    RCC_PLLI2SCmd                            0x08001195   Thumb Code     6  stm32f4xx_rcc.o(.text)
    RCC_ClockSecuritySystemCmd               0x0800119b   Thumb Code     6  stm32f4xx_rcc.o(.text)
    RCC_MCO1Config                           0x080011a1   Thumb Code    28  stm32f4xx_rcc.o(.text)
    RCC_MCO2Config                           0x080011bd   Thumb Code    28  stm32f4xx_rcc.o(.text)
    RCC_SYSCLKConfig                         0x080011d9   Thumb Code    20  stm32f4xx_rcc.o(.text)
    RCC_GetSYSCLKSource                      0x080011ed   Thumb Code    12  stm32f4xx_rcc.o(.text)
    RCC_HCLKConfig                           0x080011f9   Thumb Code    20  stm32f4xx_rcc.o(.text)
    RCC_PCLK1Config                          0x0800120d   Thumb Code    20  stm32f4xx_rcc.o(.text)
    RCC_PCLK2Config                          0x08001221   Thumb Code    22  stm32f4xx_rcc.o(.text)
    RCC_GetClocksFreq                        0x08001237   Thumb Code   222  stm32f4xx_rcc.o(.text)
    RCC_RTCCLKConfig                         0x08001315   Thumb Code    54  stm32f4xx_rcc.o(.text)
    RCC_RTCCLKCmd                            0x0800134b   Thumb Code     8  stm32f4xx_rcc.o(.text)
    RCC_BackupResetCmd                       0x08001353   Thumb Code     8  stm32f4xx_rcc.o(.text)
    RCC_I2SCLKConfig                         0x0800135b   Thumb Code     6  stm32f4xx_rcc.o(.text)
    RCC_AHB1PeriphClockCmd                   0x08001361   Thumb Code    34  stm32f4xx_rcc.o(.text)
    RCC_AHB2PeriphClockCmd                   0x08001383   Thumb Code    34  stm32f4xx_rcc.o(.text)
    RCC_AHB3PeriphClockCmd                   0x080013a5   Thumb Code    34  stm32f4xx_rcc.o(.text)
    RCC_APB1PeriphClockCmd                   0x080013c7   Thumb Code    34  stm32f4xx_rcc.o(.text)
    RCC_APB2PeriphClockCmd                   0x080013e9   Thumb Code    34  stm32f4xx_rcc.o(.text)
    RCC_AHB1PeriphResetCmd                   0x0800140b   Thumb Code    34  stm32f4xx_rcc.o(.text)
    RCC_AHB2PeriphResetCmd                   0x0800142d   Thumb Code    72  stm32f4xx_rcc.o(.text)
    RCC_AHB3PeriphResetCmd                   0x08001475   Thumb Code    34  stm32f4xx_rcc.o(.text)
    RCC_APB1PeriphResetCmd                   0x08001497   Thumb Code    34  stm32f4xx_rcc.o(.text)
    RCC_APB2PeriphResetCmd                   0x080014b9   Thumb Code    34  stm32f4xx_rcc.o(.text)
    RCC_AHB1PeriphClockLPModeCmd             0x080014db   Thumb Code    34  stm32f4xx_rcc.o(.text)
    RCC_AHB2PeriphClockLPModeCmd             0x080014fd   Thumb Code    34  stm32f4xx_rcc.o(.text)
    RCC_AHB3PeriphClockLPModeCmd             0x0800151f   Thumb Code    34  stm32f4xx_rcc.o(.text)
    RCC_APB1PeriphClockLPModeCmd             0x08001541   Thumb Code    34  stm32f4xx_rcc.o(.text)
    RCC_APB2PeriphClockLPModeCmd             0x08001563   Thumb Code    34  stm32f4xx_rcc.o(.text)
    RCC_ITConfig                             0x08001585   Thumb Code    34  stm32f4xx_rcc.o(.text)
    RCC_ClearFlag                            0x080015a7   Thumb Code    18  stm32f4xx_rcc.o(.text)
    RCC_GetITStatus                          0x080015b9   Thumb Code    22  stm32f4xx_rcc.o(.text)
    RCC_ClearITPendingBit                    0x080015cf   Thumb Code     8  stm32f4xx_rcc.o(.text)
    CAN_DeInit                               0x080015dd   Thumb Code    50  stm32f4xx_can.o(.text)
    CAN_Init                                 0x0800160f   Thumb Code   276  stm32f4xx_can.o(.text)
    CAN_FilterInit                           0x08001723   Thumb Code   258  stm32f4xx_can.o(.text)
    CAN_StructInit                           0x08001825   Thumb Code    32  stm32f4xx_can.o(.text)
    CAN_SlaveStartBank                       0x08001845   Thumb Code    48  stm32f4xx_can.o(.text)
    CAN_DBGFreeze                            0x08001875   Thumb Code    22  stm32f4xx_can.o(.text)
    CAN_TTComModeCmd                         0x0800188b   Thumb Code   118  stm32f4xx_can.o(.text)
    CAN_Transmit                             0x08001901   Thumb Code   304  stm32f4xx_can.o(.text)
    CAN_TransmitStatus                       0x08001a31   Thumb Code   138  stm32f4xx_can.o(.text)
    CAN_CancelTransmit                       0x08001abb   Thumb Code    48  stm32f4xx_can.o(.text)
    CAN_Receive                              0x08001aeb   Thumb Code   240  stm32f4xx_can.o(.text)
    CAN_FIFORelease                          0x08001bdb   Thumb Code    22  stm32f4xx_can.o(.text)
    CAN_MessagePending                       0x08001bf1   Thumb Code    30  stm32f4xx_can.o(.text)
    CAN_OperatingModeRequest                 0x08001c0f   Thumb Code   162  stm32f4xx_can.o(.text)
    CAN_Sleep                                0x08001cb1   Thumb Code    30  stm32f4xx_can.o(.text)
    CAN_WakeUp                               0x08001ccf   Thumb Code    48  stm32f4xx_can.o(.text)
    CAN_GetLastErrorCode                     0x08001cff   Thumb Code    12  stm32f4xx_can.o(.text)
    CAN_GetReceiveErrorCounter               0x08001d0b   Thumb Code    10  stm32f4xx_can.o(.text)
    CAN_GetLSBTransmitErrorCounter           0x08001d15   Thumb Code    12  stm32f4xx_can.o(.text)
    CAN_ITConfig                             0x08001d21   Thumb Code    18  stm32f4xx_can.o(.text)
    CAN_GetFlagStatus                        0x08001d33   Thumb Code   120  stm32f4xx_can.o(.text)
    CAN_ClearFlag                            0x08001dab   Thumb Code    52  stm32f4xx_can.o(.text)
    CAN_GetITStatus                          0x08001df1   Thumb Code   310  stm32f4xx_can.o(.text)
    CAN_ClearITPendingBit                    0x08001f27   Thumb Code   162  stm32f4xx_can.o(.text)
    GPIO_DeInit                              0x08001fcd   Thumb Code   220  stm32f4xx_gpio.o(.text)
    GPIO_Init                                0x080020a9   Thumb Code   144  stm32f4xx_gpio.o(.text)
    GPIO_StructInit                          0x08002139   Thumb Code    18  stm32f4xx_gpio.o(.text)
    GPIO_PinLockConfig                       0x0800214b   Thumb Code    34  stm32f4xx_gpio.o(.text)
    GPIO_ReadInputDataBit                    0x0800216d   Thumb Code    18  stm32f4xx_gpio.o(.text)
    GPIO_ReadInputData                       0x0800217f   Thumb Code     8  stm32f4xx_gpio.o(.text)
    GPIO_ReadOutputDataBit                   0x08002187   Thumb Code    18  stm32f4xx_gpio.o(.text)
    GPIO_ReadOutputData                      0x08002199   Thumb Code     8  stm32f4xx_gpio.o(.text)
    GPIO_SetBits                             0x080021a1   Thumb Code     4  stm32f4xx_gpio.o(.text)
    GPIO_ResetBits                           0x080021a5   Thumb Code     4  stm32f4xx_gpio.o(.text)
    GPIO_WriteBit                            0x080021a9   Thumb Code    10  stm32f4xx_gpio.o(.text)
    GPIO_Write                               0x080021b3   Thumb Code     4  stm32f4xx_gpio.o(.text)
    GPIO_ToggleBits                          0x080021b7   Thumb Code     8  stm32f4xx_gpio.o(.text)
    GPIO_PinAFConfig                         0x080021bf   Thumb Code    70  stm32f4xx_gpio.o(.text)
    DMA_DeInit                               0x08002229   Thumb Code   324  stm32f4xx_dma.o(.text)
    DMA_Init                                 0x0800236d   Thumb Code    82  stm32f4xx_dma.o(.text)
    DMA_StructInit                           0x080023bf   Thumb Code    34  stm32f4xx_dma.o(.text)
    DMA_Cmd                                  0x080023e1   Thumb Code    22  stm32f4xx_dma.o(.text)
    DMA_PeriphIncOffsetSizeConfig            0x080023f7   Thumb Code    22  stm32f4xx_dma.o(.text)
    DMA_FlowControllerConfig                 0x0800240d   Thumb Code    22  stm32f4xx_dma.o(.text)
    DMA_SetCurrDataCounter                   0x08002423   Thumb Code     4  stm32f4xx_dma.o(.text)
    DMA_GetCurrDataCounter                   0x08002427   Thumb Code     8  stm32f4xx_dma.o(.text)
    DMA_DoubleBufferModeConfig               0x0800242f   Thumb Code    24  stm32f4xx_dma.o(.text)
    DMA_DoubleBufferModeCmd                  0x08002447   Thumb Code    22  stm32f4xx_dma.o(.text)
    DMA_MemoryTargetConfig                   0x0800245d   Thumb Code    10  stm32f4xx_dma.o(.text)
    DMA_GetCurrentMemoryTarget               0x08002467   Thumb Code    20  stm32f4xx_dma.o(.text)
    DMA_GetCmdStatus                         0x0800247b   Thumb Code    20  stm32f4xx_dma.o(.text)
    DMA_GetFIFOStatus                        0x0800248f   Thumb Code    12  stm32f4xx_dma.o(.text)
    DMA_GetFlagStatus                        0x0800249b   Thumb Code    56  stm32f4xx_dma.o(.text)
    DMA_ClearFlag                            0x080024d3   Thumb Code    40  stm32f4xx_dma.o(.text)
    DMA_ITConfig                             0x080024fb   Thumb Code    58  stm32f4xx_dma.o(.text)
    DMA_GetITStatus                          0x08002535   Thumb Code    84  stm32f4xx_dma.o(.text)
    DMA_ClearITPendingBit                    0x08002589   Thumb Code    40  stm32f4xx_dma.o(.text)
    USART_DeInit                             0x080025d1   Thumb Code   156  stm32f4xx_usart.o(.text)
    USART_Init                               0x0800266d   Thumb Code   204  stm32f4xx_usart.o(.text)
    USART_StructInit                         0x08002739   Thumb Code    24  stm32f4xx_usart.o(.text)
    USART_ClockInit                          0x08002751   Thumb Code    32  stm32f4xx_usart.o(.text)
    USART_ClockStructInit                    0x08002771   Thumb Code    12  stm32f4xx_usart.o(.text)
    USART_Cmd                                0x0800277d   Thumb Code    24  stm32f4xx_usart.o(.text)
    USART_SetPrescaler                       0x08002795   Thumb Code    16  stm32f4xx_usart.o(.text)
    USART_OverSampling8Cmd                   0x080027a5   Thumb Code    22  stm32f4xx_usart.o(.text)
    USART_OneBitMethodCmd                    0x080027bb   Thumb Code    24  stm32f4xx_usart.o(.text)
    USART_SendData                           0x080027d3   Thumb Code     8  stm32f4xx_usart.o(.text)
    USART_ReceiveData                        0x080027db   Thumb Code    10  stm32f4xx_usart.o(.text)
    USART_SetAddress                         0x080027e5   Thumb Code    18  stm32f4xx_usart.o(.text)
    USART_ReceiverWakeUpCmd                  0x080027f7   Thumb Code    24  stm32f4xx_usart.o(.text)
    USART_WakeUpConfig                       0x0800280f   Thumb Code    18  stm32f4xx_usart.o(.text)
    USART_LINBreakDetectLengthConfig         0x08002821   Thumb Code    18  stm32f4xx_usart.o(.text)
    USART_LINCmd                             0x08002833   Thumb Code    24  stm32f4xx_usart.o(.text)
    USART_SendBreak                          0x0800284b   Thumb Code    10  stm32f4xx_usart.o(.text)
    USART_HalfDuplexCmd                      0x08002855   Thumb Code    24  stm32f4xx_usart.o(.text)
    USART_SetGuardTime                       0x0800286d   Thumb Code    16  stm32f4xx_usart.o(.text)
    USART_SmartCardCmd                       0x0800287d   Thumb Code    24  stm32f4xx_usart.o(.text)
    USART_SmartCardNACKCmd                   0x08002895   Thumb Code    24  stm32f4xx_usart.o(.text)
    USART_IrDAConfig                         0x080028ad   Thumb Code    18  stm32f4xx_usart.o(.text)
    USART_IrDACmd                            0x080028bf   Thumb Code    24  stm32f4xx_usart.o(.text)
    USART_DMACmd                             0x080028d7   Thumb Code    18  stm32f4xx_usart.o(.text)
    USART_ITConfig                           0x080028e9   Thumb Code    74  stm32f4xx_usart.o(.text)
    USART_GetFlagStatus                      0x08002933   Thumb Code    26  stm32f4xx_usart.o(.text)
    USART_ClearFlag                          0x0800294d   Thumb Code    18  stm32f4xx_usart.o(.text)
    USART_GetITStatus                        0x0800295f   Thumb Code   110  stm32f4xx_usart.o(.text)
    USART_ClearITPendingBit                  0x080029cd   Thumb Code    30  stm32f4xx_usart.o(.text)
    SystemInit                               0x08002ac9   Thumb Code    88  system_stm32f4xx.o(.text)
    SystemCoreClockUpdate                    0x08002b21   Thumb Code   174  system_stm32f4xx.o(.text)
    Reset_Handler                            0x08002bfd   Thumb Code     8  startup_stm32f4xx.o(.text)
    ADC_IRQHandler                           0x08002c17   Thumb Code     0  startup_stm32f4xx.o(.text)
    CAN1_RX1_IRQHandler                      0x08002c17   Thumb Code     0  startup_stm32f4xx.o(.text)
    CAN1_SCE_IRQHandler                      0x08002c17   Thumb Code     0  startup_stm32f4xx.o(.text)
    CAN1_TX_IRQHandler                       0x08002c17   Thumb Code     0  startup_stm32f4xx.o(.text)
    CAN2_RX1_IRQHandler                      0x08002c17   Thumb Code     0  startup_stm32f4xx.o(.text)
    CAN2_SCE_IRQHandler                      0x08002c17   Thumb Code     0  startup_stm32f4xx.o(.text)
    CAN2_TX_IRQHandler                       0x08002c17   Thumb Code     0  startup_stm32f4xx.o(.text)
    CRYP_IRQHandler                          0x08002c17   Thumb Code     0  startup_stm32f4xx.o(.text)
    DCMI_IRQHandler                          0x08002c17   Thumb Code     0  startup_stm32f4xx.o(.text)
    DMA1_Stream0_IRQHandler                  0x08002c17   Thumb Code     0  startup_stm32f4xx.o(.text)
    DMA1_Stream1_IRQHandler                  0x08002c17   Thumb Code     0  startup_stm32f4xx.o(.text)
    DMA1_Stream2_IRQHandler                  0x08002c17   Thumb Code     0  startup_stm32f4xx.o(.text)
    DMA1_Stream3_IRQHandler                  0x08002c17   Thumb Code     0  startup_stm32f4xx.o(.text)
    DMA1_Stream4_IRQHandler                  0x08002c17   Thumb Code     0  startup_stm32f4xx.o(.text)
    DMA1_Stream5_IRQHandler                  0x08002c17   Thumb Code     0  startup_stm32f4xx.o(.text)
    DMA1_Stream7_IRQHandler                  0x08002c17   Thumb Code     0  startup_stm32f4xx.o(.text)
    DMA2_Stream0_IRQHandler                  0x08002c17   Thumb Code     0  startup_stm32f4xx.o(.text)
    DMA2_Stream1_IRQHandler                  0x08002c17   Thumb Code     0  startup_stm32f4xx.o(.text)
    DMA2_Stream2_IRQHandler                  0x08002c17   Thumb Code     0  startup_stm32f4xx.o(.text)
    DMA2_Stream3_IRQHandler                  0x08002c17   Thumb Code     0  startup_stm32f4xx.o(.text)
    DMA2_Stream4_IRQHandler                  0x08002c17   Thumb Code     0  startup_stm32f4xx.o(.text)
    DMA2_Stream5_IRQHandler                  0x08002c17   Thumb Code     0  startup_stm32f4xx.o(.text)
    DMA2_Stream6_IRQHandler                  0x08002c17   Thumb Code     0  startup_stm32f4xx.o(.text)
    DMA2_Stream7_IRQHandler                  0x08002c17   Thumb Code     0  startup_stm32f4xx.o(.text)
    ETH_IRQHandler                           0x08002c17   Thumb Code     0  startup_stm32f4xx.o(.text)
    ETH_WKUP_IRQHandler                      0x08002c17   Thumb Code     0  startup_stm32f4xx.o(.text)
    EXTI0_IRQHandler                         0x08002c17   Thumb Code     0  startup_stm32f4xx.o(.text)
    EXTI15_10_IRQHandler                     0x08002c17   Thumb Code     0  startup_stm32f4xx.o(.text)
    EXTI1_IRQHandler                         0x08002c17   Thumb Code     0  startup_stm32f4xx.o(.text)
    EXTI2_IRQHandler                         0x08002c17   Thumb Code     0  startup_stm32f4xx.o(.text)
    EXTI3_IRQHandler                         0x08002c17   Thumb Code     0  startup_stm32f4xx.o(.text)
    EXTI4_IRQHandler                         0x08002c17   Thumb Code     0  startup_stm32f4xx.o(.text)
    EXTI9_5_IRQHandler                       0x08002c17   Thumb Code     0  startup_stm32f4xx.o(.text)
    FLASH_IRQHandler                         0x08002c17   Thumb Code     0  startup_stm32f4xx.o(.text)
    FPU_IRQHandler                           0x08002c17   Thumb Code     0  startup_stm32f4xx.o(.text)
    FSMC_IRQHandler                          0x08002c17   Thumb Code     0  startup_stm32f4xx.o(.text)
    HASH_RNG_IRQHandler                      0x08002c17   Thumb Code     0  startup_stm32f4xx.o(.text)
    I2C1_ER_IRQHandler                       0x08002c17   Thumb Code     0  startup_stm32f4xx.o(.text)
    I2C1_EV_IRQHandler                       0x08002c17   Thumb Code     0  startup_stm32f4xx.o(.text)
    I2C2_ER_IRQHandler                       0x08002c17   Thumb Code     0  startup_stm32f4xx.o(.text)
    I2C2_EV_IRQHandler                       0x08002c17   Thumb Code     0  startup_stm32f4xx.o(.text)
    I2C3_ER_IRQHandler                       0x08002c17   Thumb Code     0  startup_stm32f4xx.o(.text)
    I2C3_EV_IRQHandler                       0x08002c17   Thumb Code     0  startup_stm32f4xx.o(.text)
    OTG_FS_IRQHandler                        0x08002c17   Thumb Code     0  startup_stm32f4xx.o(.text)
    OTG_FS_WKUP_IRQHandler                   0x08002c17   Thumb Code     0  startup_stm32f4xx.o(.text)
    OTG_HS_EP1_IN_IRQHandler                 0x08002c17   Thumb Code     0  startup_stm32f4xx.o(.text)
    OTG_HS_EP1_OUT_IRQHandler                0x08002c17   Thumb Code     0  startup_stm32f4xx.o(.text)
    OTG_HS_IRQHandler                        0x08002c17   Thumb Code     0  startup_stm32f4xx.o(.text)
    OTG_HS_WKUP_IRQHandler                   0x08002c17   Thumb Code     0  startup_stm32f4xx.o(.text)
    PVD_IRQHandler                           0x08002c17   Thumb Code     0  startup_stm32f4xx.o(.text)
    RCC_IRQHandler                           0x08002c17   Thumb Code     0  startup_stm32f4xx.o(.text)
    RTC_Alarm_IRQHandler                     0x08002c17   Thumb Code     0  startup_stm32f4xx.o(.text)
    RTC_WKUP_IRQHandler                      0x08002c17   Thumb Code     0  startup_stm32f4xx.o(.text)
    SDIO_IRQHandler                          0x08002c17   Thumb Code     0  startup_stm32f4xx.o(.text)
    SPI1_IRQHandler                          0x08002c17   Thumb Code     0  startup_stm32f4xx.o(.text)
    SPI2_IRQHandler                          0x08002c17   Thumb Code     0  startup_stm32f4xx.o(.text)
    SPI3_IRQHandler                          0x08002c17   Thumb Code     0  startup_stm32f4xx.o(.text)
    TAMP_STAMP_IRQHandler                    0x08002c17   Thumb Code     0  startup_stm32f4xx.o(.text)
    TIM1_BRK_TIM9_IRQHandler                 0x08002c17   Thumb Code     0  startup_stm32f4xx.o(.text)
    TIM1_CC_IRQHandler                       0x08002c17   Thumb Code     0  startup_stm32f4xx.o(.text)
    TIM1_TRG_COM_TIM11_IRQHandler            0x08002c17   Thumb Code     0  startup_stm32f4xx.o(.text)
    TIM1_UP_TIM10_IRQHandler                 0x08002c17   Thumb Code     0  startup_stm32f4xx.o(.text)
    TIM3_IRQHandler                          0x08002c17   Thumb Code     0  startup_stm32f4xx.o(.text)
    TIM4_IRQHandler                          0x08002c17   Thumb Code     0  startup_stm32f4xx.o(.text)
    TIM5_IRQHandler                          0x08002c17   Thumb Code     0  startup_stm32f4xx.o(.text)
    TIM6_DAC_IRQHandler                      0x08002c17   Thumb Code     0  startup_stm32f4xx.o(.text)
    TIM7_IRQHandler                          0x08002c17   Thumb Code     0  startup_stm32f4xx.o(.text)
    TIM8_BRK_TIM12_IRQHandler                0x08002c17   Thumb Code     0  startup_stm32f4xx.o(.text)
    TIM8_CC_IRQHandler                       0x08002c17   Thumb Code     0  startup_stm32f4xx.o(.text)
    TIM8_TRG_COM_TIM14_IRQHandler            0x08002c17   Thumb Code     0  startup_stm32f4xx.o(.text)
    TIM8_UP_TIM13_IRQHandler                 0x08002c17   Thumb Code     0  startup_stm32f4xx.o(.text)
    UART5_IRQHandler                         0x08002c17   Thumb Code     0  startup_stm32f4xx.o(.text)
    USART1_IRQHandler                        0x08002c17   Thumb Code     0  startup_stm32f4xx.o(.text)
    USART6_IRQHandler                        0x08002c17   Thumb Code     0  startup_stm32f4xx.o(.text)
    WWDG_IRQHandler                          0x08002c17   Thumb Code     0  startup_stm32f4xx.o(.text)
    SysTick_Handler                          0x08002c21   Thumb Code    16  delay.o(.text)
    delay_init                               0x08002c31   Thumb Code    58  delay.o(.text)
    delay_us                                 0x08002c6b   Thumb Code    68  delay.o(.text)
    delay_xms                                0x08002caf   Thumb Code    24  delay.o(.text)
    delay_ms                                 0x08002cc7   Thumb Code    62  delay.o(.text)
    Nvic                                     0x08002d0d   Thumb Code   184  nvic.o(.text)
    DBUS_Enc                                 0x08002de9   Thumb Code   124  dbus.o(.text)
    DBUS_Dec                                 0x08002e65   Thumb Code   220  dbus.o(.text)
    UART4_IRQHandler                         0x08002f41   Thumb Code   218  dbus.o(.text)
    Get_CRC8_Check_Sum                       0x0800303d   Thumb Code    30  judge.o(.text)
    Verify_CRC8_Check_Sum                    0x0800305b   Thumb Code    46  judge.o(.text)
    Append_CRC8_Check_Sum                    0x08003089   Thumb Code    36  judge.o(.text)
    Get_CRC16_Check_Sum                      0x080030ad   Thumb Code    46  judge.o(.text)
    Verify_CRC16_Check_Sum                   0x080030db   Thumb Code    60  judge.o(.text)
    Append_CRC16_Check_Sum                   0x08003117   Thumb Code    44  judge.o(.text)
    Led_Configuration                        0x08003151   Thumb Code   106  led.o(.text)
    USART1_Configuration                     0x080031c5   Thumb Code   128  usart1.o(.text)
    USART1_SendChar                          0x08003245   Thumb Code    28  usart1.o(.text)
    fputc                                    0x08003261   Thumb Code    32  usart1.o(.text)
    fgetc                                    0x08003281   Thumb Code    26  usart1.o(.text)
    USART3_Configuration                     0x080032a5   Thumb Code   262  usart3.o(.text)
    USART3_IRQHandler                        0x080033ab   Thumb Code   288  usart3.o(.text)
    USART3_SendChar                          0x080034cb   Thumb Code    28  usart3.o(.text)
    UART4_Configuration                      0x08003511   Thumb Code   234  uart4.o(.text)
    USART2_Configuration                     0x08003615   Thumb Code   364  usart2.o(.text)
    USART2_IRQHandler                        0x08003781   Thumb Code  1114  usart2.o(.text)
    Judge_System_SendData                    0x08003bdb   Thumb Code   328  usart2.o(.text)
    DMA1_Stream6_IRQHandler                  0x08003d23   Thumb Code    50  usart2.o(.text)
    USART2_SendChar                          0x08003d55   Thumb Code    28  usart2.o(.text)
    Appointment_bullet                       0x08003d71   Thumb Code    84  usart2.o(.text)
    Robot_interactive                        0x08003dc5   Thumb Code   142  usart2.o(.text)
    TIM2_Configuration                       0x08003ea5   Thumb Code    62  tim2.o(.text)
    TIM2_IRQHandler                          0x08003ee3   Thumb Code    42  tim2.o(.text)
    CAN1_Configuration                       0x08003f11   Thumb Code   212  can1.o(.text)
    CAN2_Configuration                       0x08003fed   Thumb Code   222  can2.o(.text)
    MPU6050_Initialization                   0x080040d5   Thumb Code   228  mpu6050_driver.o(.text)
    MPU6050_ReadData                         0x080041b9   Thumb Code   398  mpu6050_driver.o(.text)
    MPU6050_Gyro_calibration                 0x08004347   Thumb Code   192  mpu6050_driver.o(.text)
    IIC_Delay                                0x080044ad   Thumb Code    26  mpu6050_i2c.o(.text)
    HEAT_Configuration                       0x080044c7   Thumb Code     2  mpu6050_i2c.o(.text)
    IIC_GPIO_Init                            0x080044c9   Thumb Code    40  mpu6050_i2c.o(.text)
    IIC_SDA_Out                              0x080044f1   Thumb Code    32  mpu6050_i2c.o(.text)
    IIC_SDA_In                               0x08004511   Thumb Code    36  mpu6050_i2c.o(.text)
    IIC_Start                                0x08004535   Thumb Code    52  mpu6050_i2c.o(.text)
    IIC_Stop                                 0x08004569   Thumb Code    52  mpu6050_i2c.o(.text)
    IIC_Ack                                  0x0800459d   Thumb Code    58  mpu6050_i2c.o(.text)
    IIC_WaitAck                              0x080045d7   Thumb Code    86  mpu6050_i2c.o(.text)
    IIC_WriteBit                             0x0800462d   Thumb Code    86  mpu6050_i2c.o(.text)
    IIC_ReadBit                              0x08004683   Thumb Code    78  mpu6050_i2c.o(.text)
    IIC_WriteData                            0x080046d1   Thumb Code    92  mpu6050_i2c.o(.text)
    IIC_ReadData                             0x0800472d   Thumb Code   146  mpu6050_i2c.o(.text)
    vListInitialise                          0x08004819   Thumb Code    26  list.o(.text)
    vListInitialiseItem                      0x08004833   Thumb Code     6  list.o(.text)
    vListInsertEnd                           0x08004839   Thumb Code    24  list.o(.text)
    vListInsert                              0x08004851   Thumb Code    52  list.o(.text)
    uxListRemove                             0x08004885   Thumb Code    40  list.o(.text)
    xQueueGenericReset                       0x080048ad   Thumb Code   136  queue.o(.text)
    xQueueGenericCreate                      0x08004963   Thumb Code    80  queue.o(.text)
    xQueueGenericSend                        0x08004b5d   Thumb Code   470  queue.o(.text)
    xQueueCreateMutex                        0x08004d51   Thumb Code    34  queue.o(.text)
    xQueueGiveMutexRecursive                 0x08004d73   Thumb Code    66  queue.o(.text)
    xQueueSemaphoreTake                      0x08004de3   Thumb Code   410  queue.o(.text)
    xQueueTakeMutexRecursive                 0x08004f7d   Thumb Code    72  queue.o(.text)
    xQueueCreateCountingSemaphore            0x08004fc5   Thumb Code    80  queue.o(.text)
    xQueueGenericSendFromISR                 0x08005015   Thumb Code   250  queue.o(.text)
    xQueueGiveFromISR                        0x0800510f   Thumb Code   228  queue.o(.text)
    xQueueReceive                            0x0800521d   Thumb Code   338  queue.o(.text)
    xQueuePeek                               0x0800536f   Thumb Code   344  queue.o(.text)
    xQueueReceiveFromISR                     0x080054c7   Thumb Code   190  queue.o(.text)
    xQueuePeekFromISR                        0x08005585   Thumb Code   158  queue.o(.text)
    uxQueueMessagesWaiting                   0x08005623   Thumb Code    36  queue.o(.text)
    uxQueueSpacesAvailable                   0x08005647   Thumb Code    42  queue.o(.text)
    uxQueueMessagesWaitingFromISR            0x08005671   Thumb Code    36  queue.o(.text)
    vQueueUnregisterQueue                    0x08005695   Thumb Code    44  queue.o(.text)
    vQueueDelete                             0x080056c1   Thumb Code    38  queue.o(.text)
    uxQueueGetQueueNumber                    0x080056e7   Thumb Code     6  queue.o(.text)
    vQueueSetQueueNumber                     0x080056ed   Thumb Code     4  queue.o(.text)
    ucQueueGetQueueType                      0x080056f1   Thumb Code     8  queue.o(.text)
    xQueueIsQueueEmptyFromISR                0x080056f9   Thumb Code    38  queue.o(.text)
    xQueueIsQueueFullFromISR                 0x0800571f   Thumb Code    42  queue.o(.text)
    vQueueAddToRegistry                      0x08005749   Thumb Code    38  queue.o(.text)
    pcQueueGetName                           0x0800576f   Thumb Code    38  queue.o(.text)
    vQueueWaitForMessageRestricted           0x08005795   Thumb Code    74  queue.o(.text)
    xQueueCreateSet                          0x080057df   Thumb Code    20  queue.o(.text)
    xQueueAddToSet                           0x080057f3   Thumb Code    38  queue.o(.text)
    xQueueRemoveFromSet                      0x08005819   Thumb Code    48  queue.o(.text)
    xQueueSelectFromSet                      0x08005849   Thumb Code    24  queue.o(.text)
    xQueueSelectFromSetFromISR               0x08005861   Thumb Code    22  queue.o(.text)
    xTaskCreate                              0x08005a17   Thumb Code    96  tasks.o(.text)
    vTaskDelete                              0x08005ab3   Thumb Code   192  tasks.o(.text)
    xTaskIncrementTick                       0x08005b73   Thumb Code   384  tasks.o(.text)
    xTaskResumeAll                           0x08005cf3   Thumb Code   218  tasks.o(.text)
    vTaskSuspendAll                          0x08005e49   Thumb Code    12  tasks.o(.text)
    vTaskDelayUntil                          0x08005e55   Thumb Code   182  tasks.o(.text)
    vTaskDelay                               0x08005f0b   Thumb Code    76  tasks.o(.text)
    eTaskGetState                            0x08005f57   Thumb Code   122  tasks.o(.text)
    uxTaskPriorityGet                        0x08005fd1   Thumb Code    30  tasks.o(.text)
    uxTaskPriorityGetFromISR                 0x08005fef   Thumb Code    62  tasks.o(.text)
    vTaskPrioritySet                         0x0800602d   Thumb Code   314  tasks.o(.text)
    vTaskSwitchContext                       0x08006167   Thumb Code   114  tasks.o(.text)
    vTaskSuspend                             0x080061d9   Thumb Code   204  tasks.o(.text)
    vTaskResume                              0x080062f1   Thumb Code   122  tasks.o(.text)
    xTaskResumeFromISR                       0x0800636b   Thumb Code   152  tasks.o(.text)
    vTaskStartScheduler                      0x0800645f   Thumb Code   112  tasks.o(.text)
    vTaskEndScheduler                        0x080064cf   Thumb Code    32  tasks.o(.text)
    xTaskGetTickCount                        0x080064ef   Thumb Code    78  tasks.o(.text)
    xTaskGetTickCountFromISR                 0x0800653d   Thumb Code    16  tasks.o(.text)
    uxTaskGetNumberOfTasks                   0x0800654d   Thumb Code     6  tasks.o(.text)
    pcTaskGetName                            0x08006553   Thumb Code    40  tasks.o(.text)
    xTaskGetHandle                           0x0800662b   Thumb Code   136  tasks.o(.text)
    vTaskGetInfo                             0x080066c9   Thumb Code   126  tasks.o(.text)
    uxTaskGetSystemState                     0x080067b1   Thumb Code   152  tasks.o(.text)
    vTaskPlaceOnEventList                    0x08006849   Thumb Code    46  tasks.o(.text)
    vTaskPlaceOnUnorderedEventList           0x08006877   Thumb Code    88  tasks.o(.text)
    vTaskPlaceOnEventListRestricted          0x080068cf   Thumb Code    54  tasks.o(.text)
    xTaskRemoveFromEventList                 0x08006905   Thumb Code   164  tasks.o(.text)
    vTaskRemoveFromUnorderedEventList        0x080069a9   Thumb Code   130  tasks.o(.text)
    vTaskSetTimeOutState                     0x08006a2b   Thumb Code    44  tasks.o(.text)
    vTaskInternalSetTimeOutState             0x08006a57   Thumb Code    14  tasks.o(.text)
    xTaskCheckForTimeOut                     0x08006a65   Thumb Code   120  tasks.o(.text)
    vTaskMissedYield                         0x08006add   Thumb Code     8  tasks.o(.text)
    uxTaskGetTaskNumber                      0x08006ae5   Thumb Code    14  tasks.o(.text)
    vTaskSetTaskNumber                       0x08006af3   Thumb Code     8  tasks.o(.text)
    xTaskGetCurrentTaskHandle                0x08006afb   Thumb Code     6  tasks.o(.text)
    xTaskGetSchedulerState                   0x08006b01   Thumb Code    24  tasks.o(.text)
    xTaskPriorityInherit                     0x08006b19   Thumb Code   186  tasks.o(.text)
    xTaskPriorityDisinherit                  0x08006bd3   Thumb Code   176  tasks.o(.text)
    vTaskPriorityDisinheritAfterTimeout      0x08006c83   Thumb Code   254  tasks.o(.text)
    vTaskList                                0x08006dab   Thumb Code   200  tasks.o(.text)
    uxTaskResetEventItemValue                0x08006e73   Thumb Code    24  tasks.o(.text)
    pvTaskIncrementMutexHeldCount            0x08006e8b   Thumb Code    26  tasks.o(.text)
    ulTaskNotifyTake                         0x08006ea5   Thumb Code   108  tasks.o(.text)
    xTaskNotifyWait                          0x08006f11   Thumb Code   150  tasks.o(.text)
    xTaskGenericNotify                       0x08006fa7   Thumb Code   256  tasks.o(.text)
    xTaskGenericNotifyFromISR                0x080070a7   Thumb Code   356  tasks.o(.text)
    vTaskNotifyGiveFromISR                   0x0800720b   Thumb Code   198  tasks.o(.text)
    xTaskNotifyStateClear                    0x080072d1   Thumb Code    48  tasks.o(.text)
    xTimerGenericCommand                     0x0800736d   Thumb Code   118  timers.o(.text)
    xTimerCreateTimerTask                    0x080076d3   Thumb Code    56  timers.o(.text)
    xTimerCreate                             0x080077b1   Thumb Code    48  timers.o(.text)
    xTimerGetTimerDaemonTaskHandle           0x080077e1   Thumb Code    38  timers.o(.text)
    xTimerGetPeriod                          0x08007807   Thumb Code    28  timers.o(.text)
    xTimerGetExpiryTime                      0x08007823   Thumb Code    30  timers.o(.text)
    pcTimerGetName                           0x08007841   Thumb Code    28  timers.o(.text)
    xTimerIsTimerActive                      0x0800785d   Thumb Code    56  timers.o(.text)
    pvTimerGetTimerID                        0x08007895   Thumb Code    38  timers.o(.text)
    vTimerSetTimerID                         0x080078bb   Thumb Code    38  timers.o(.text)
    xTimerPendFunctionCallFromISR            0x080078e1   Thumb Code    48  timers.o(.text)
    xTimerPendFunctionCall                   0x08007911   Thumb Code    70  timers.o(.text)
    uxTimerGetTimerNumber                    0x08007957   Thumb Code     6  timers.o(.text)
    vTimerSetTimerNumber                     0x0800795d   Thumb Code     4  timers.o(.text)
    pvPortMalloc                             0x08007a2b   Thumb Code   262  heap_4.o(.text)
    vPortFree                                0x08007b31   Thumb Code   120  heap_4.o(.text)
    xPortGetFreeHeapSize                     0x08007ba9   Thumb Code     6  heap_4.o(.text)
    xPortGetMinimumEverFreeHeapSize          0x08007baf   Thumb Code     6  heap_4.o(.text)
    vPortInitialiseBlocks                    0x08007bb5   Thumb Code     2  heap_4.o(.text)
    pxPortInitialiseStack                    0x08007c39   Thumb Code    38  port.o(.text)
    vPortSetupTimerInterrupt                 0x08007c5f   Thumb Code    36  port.o(.text)
    xPortStartScheduler                      0x08007c83   Thumb Code   322  port.o(.text)
    vPortEndScheduler                        0x08007dc5   Thumb Code    34  port.o(.text)
    vPortEnterCritical                       0x08007de7   Thumb Code    70  port.o(.text)
    vPortExitCritical                        0x08007e2d   Thumb Code    48  port.o(.text)
    xPortSysTickHandler                      0x08007e5d   Thumb Code    48  port.o(.text)
    vPortValidateInterruptPriority           0x08007e8d   Thumb Code    88  port.o(.text)
    PID_Init                                 0x08007f45   Thumb Code    22  pid.o(.text)
    PID_Calculat                             0x08007f5b   Thumb Code   222  pid.o(.text)
    PID_Calculate_F                          0x0800823f   Thumb Code   206  pid.o(.text)
    FuzzyComputation                         0x0800830d   Thumb Code   470  pid.o(.text)
    FUZZY_PID_Init                           0x080084e3   Thumb Code   102  pid.o(.text)
    start_task                               0x0800854d   Thumb Code    86  start.o(.text)
    startTast                                0x080085a3   Thumb Code    26  start.o(.text)
    get_PIT                                  0x08008609   Thumb Code     4  message.o(.text)
    get_YAW                                  0x0800860d   Thumb Code     4  message.o(.text)
    get_LE_W                                 0x08008611   Thumb Code     4  message.o(.text)
    get_RI_W                                 0x08008615   Thumb Code     4  message.o(.text)
    get_PL                                   0x08008619   Thumb Code     4  message.o(.text)
    get_ANG                                  0x0800861d   Thumb Code     4  message.o(.text)
    get_DBUS_REMOT                           0x08008621   Thumb Code     4  message.o(.text)
    get_DBUS_KEY                             0x08008625   Thumb Code     4  message.o(.text)
    get_gyr                                  0x08008629   Thumb Code     4  message.o(.text)
    MOTO_Message                             0x0800862d   Thumb Code   110  message.o(.text)
    get_gyro_measuer                         0x0800869b   Thumb Code   130  message.o(.text)
    CAN2_Receive_Remot                       0x0800871d   Thumb Code    50  message.o(.text)
    CAN2_Receive_KEY                         0x0800874f   Thumb Code    48  message.o(.text)
    CAN1_Send_Message                        0x080087b9   Thumb Code    96  can_task.o(.text)
    CAN_Task                                 0x08008819   Thumb Code    40  can_task.o(.text)
    CAN1_RX0_IRQHandler                      0x08008841   Thumb Code   176  can_task.o(.text)
    CAN2_RX0_IRQHandler                      0x080088f1   Thumb Code    42  can_task.o(.text)
    Bullet_Send                              0x0800891b   Thumb Code    96  can_task.o(.text)
    Surve_Send                               0x0800897b   Thumb Code    96  can_task.o(.text)
    accelerate                               0x08008a09   Thumb Code   342  clude.o(.text)
    Clude_PID_Cal                            0x08008b5f   Thumb Code   420  clude.o(.text)
    Dead                                     0x08008d03   Thumb Code    20  clude.o(.text)
    REMOT_KEY                                0x08008d17   Thumb Code   242  clude.o(.text)
    KEYS                                     0x08008e09   Thumb Code   228  clude.o(.text)
    REMOT                                    0x08008eed   Thumb Code   186  clude.o(.text)
    RC_CTRL_Test                             0x08008fa7   Thumb Code   344  clude.o(.text)
    Clude_PID_Init                           0x080090ff   Thumb Code   352  clude.o(.text)
    Clude_Task                               0x0800925f   Thumb Code   344  clude.o(.text)
    Printf_Task                              0x080093bd   Thumb Code    36  repot.o(.text)
    Data_sends                               0x080093e1   Thumb Code   376  repot.o(.text)
    __aeabi_memcpy                           0x08009569   Thumb Code    36  memcpya.o(.text)
    __aeabi_memcpy4                          0x08009569   Thumb Code     0  memcpya.o(.text)
    __aeabi_memcpy8                          0x08009569   Thumb Code     0  memcpya.o(.text)
    __aeabi_memset                           0x0800958d   Thumb Code    14  memseta.o(.text)
    __aeabi_memset4                          0x0800958d   Thumb Code     0  memseta.o(.text)
    __aeabi_memset8                          0x0800958d   Thumb Code     0  memseta.o(.text)
    __aeabi_memclr                           0x0800959b   Thumb Code     4  memseta.o(.text)
    __aeabi_memclr4                          0x0800959b   Thumb Code     0  memseta.o(.text)
    __aeabi_memclr8                          0x0800959b   Thumb Code     0  memseta.o(.text)
    memset                                   0x0800959f   Thumb Code    18  memseta.o(.text)
    strlen                                   0x080095b1   Thumb Code    14  strlen.o(.text)
    strcpy                                   0x080095bf   Thumb Code    18  strcpy.o(.text)
    __aeabi_dmul                             0x080095d1   Thumb Code   228  dmul.o(.text)
    __aeabi_i2d                              0x080096b5   Thumb Code    34  dflti.o(.text)
    __aeabi_d2f                              0x080096d7   Thumb Code    56  d2f.o(.text)
    __aeabi_uidiv                            0x0800970f   Thumb Code     0  uidiv.o(.text)
    __aeabi_uidivmod                         0x0800970f   Thumb Code    44  uidiv.o(.text)
    __I$use$fp                               0x0800973b   Thumb Code     0  iusefp.o(.text)
    _float_round                             0x0800973b   Thumb Code    18  fepilogue.o(.text)
    _float_epilogue                          0x0800974d   Thumb Code    92  fepilogue.o(.text)
    _double_round                            0x080097a9   Thumb Code    30  depilogue.o(.text)
    _double_epilogue                         0x080097c7   Thumb Code   156  depilogue.o(.text)
    __scatterload                            0x08009865   Thumb Code    28  init.o(.text)
    __scatterload_rt2                        0x08009865   Thumb Code     0  init.o(.text)
    __aeabi_llsl                             0x08009889   Thumb Code    30  llshl.o(.text)
    _ll_shift_l                              0x08009889   Thumb Code     0  llshl.o(.text)
    __aeabi_llsr                             0x080098a7   Thumb Code    32  llushr.o(.text)
    _ll_ushift_r                             0x080098a7   Thumb Code     0  llushr.o(.text)
    __decompress                             0x080098c7   Thumb Code     0  __dczerorl2.o(.text)
    __decompress1                            0x080098c7   Thumb Code    86  __dczerorl2.o(.text)
    __0printf$3                              0x0800991d   Thumb Code    22  printf3.o(i.__0printf$3)
    __1printf$3                              0x0800991d   Thumb Code     0  printf3.o(i.__0printf$3)
    __2printf                                0x0800991d   Thumb Code     0  printf3.o(i.__0printf$3)
    __0sprintf$3                             0x0800993d   Thumb Code    34  printf3.o(i.__0sprintf$3)
    __1sprintf$3                             0x0800993d   Thumb Code     0  printf3.o(i.__0sprintf$3)
    __2sprintf                               0x0800993d   Thumb Code     0  printf3.o(i.__0sprintf$3)
    __scatterload_copy                       0x08009965   Thumb Code    14  handlers.o(i.__scatterload_copy)
    __scatterload_null                       0x08009973   Thumb Code     2  handlers.o(i.__scatterload_null)
    __scatterload_zeroinit                   0x08009975   Thumb Code    14  handlers.o(i.__scatterload_zeroinit)
    CRC8_INIT                                0x08009b46   Data           1  judge.o(.constdata)
    CRC8_TAB                                 0x08009b47   Data         256  judge.o(.constdata)
    wCRC_Table                               0x08009c48   Data         512  judge.o(.constdata)
    Region$$Table$$Base                      0x0800a0e4   Number         0  anon$$obj.o(Region$$Table)
    Region$$Table$$Limit                     0x0800a104   Number         0  anon$$obj.o(Region$$Table)
    SystemCoreClock                          0x20000010   Data           4  system_stm32f4xx.o(.data)
    AHBPrescTable                            0x20000014   Data          16  system_stm32f4xx.o(.data)
    UART4temp                                0x20000028   Data           1  dbus.o(.data)
    Access_buffer                            0x20000029   Data           1  dbus.o(.data)
    CRC_INIT                                 0x2000002c   Data           2  judge.o(.data)
    USART3temp                               0x2000002e   Data           1  usart3.o(.data)
    UART2temp                                0x20000030   Data           1  usart2.o(.data)
    game_state                               0x20000032   Data           6  usart2.o(.data)
    supply_action                            0x20000038   Data           6  usart2.o(.data)
    airplane_stage                           0x2000003e   Data           2  usart2.o(.data)
    time_remaining                           0x20000040   Data           2  usart2.o(.data)
    blood_remaining                          0x20000042   Data           2  usart2.o(.data)
    chassis_volt                             0x20000044   Data           2  usart2.o(.data)
    chassis_current                          0x20000046   Data           2  usart2.o(.data)
    chassis_powe                             0x20000048   Data           4  usart2.o(.data)
    chassis_powe_buffer                      0x2000004c   Data           2  usart2.o(.data)
    shooter_heat_17mm                        0x2000004e   Data           2  usart2.o(.data)
    shooter_heat_42mm                        0x20000050   Data           2  usart2.o(.data)
    airplane_attack                          0x20000052   Data           2  usart2.o(.data)
    shoot_speed                              0x20000054   Data           4  usart2.o(.data)
    robot_interactive_receive_1              0x20000058   Data           4  usart2.o(.data)
    robot_interactive_receive_2              0x2000005c   Data           4  usart2.o(.data)
    robot_interactive_receive_3              0x20000060   Data           4  usart2.o(.data)
    robot_interactive_receive_4              0x20000064   Data           4  usart2.o(.data)
    XY1                                      0x20000068   Data           4  usart2.o(.data)
    XY2                                      0x2000006c   Data           4  usart2.o(.data)
    XY3                                      0x20000070   Data           4  usart2.o(.data)
    XY4                                      0x20000074   Data           1  usart2.o(.data)
    time_2                                   0x20000078   Data           4  tim2.o(.data)
    gyroADC_X_offset                         0x2000007c   Data           4  mpu6050_driver.o(.data)
    gyroADC_Y_offset                         0x20000080   Data           4  mpu6050_driver.o(.data)
    gyroADC_Z_offset                         0x20000084   Data           4  mpu6050_driver.o(.data)
    pxCurrentTCB                             0x20000088   Data           4  tasks.o(.data)
    BinarySemaphore                          0x200000fc   Data           4  start.o(.data)
    StartTask_Handler                        0x20000100   Data           4  start.o(.data)
    CludeTask_Handler                        0x20000104   Data           4  start.o(.data)
    PrintfTask_Handler                       0x20000108   Data           4  start.o(.data)
    CANTask_Handler                          0x2000010c   Data           4  start.o(.data)
    Fuzzy_KP_s                               0x20000110   Data          12  condition.o(.data)
    Fuzzy_KI_s                               0x2000011c   Data          12  condition.o(.data)
    Fuzzy_KP_a                               0x20000128   Data          12  condition.o(.data)
    Fuzzy_KI_a                               0x20000134   Data          12  condition.o(.data)
    Fuzzy_KD_a                               0x20000140   Data          12  condition.o(.data)
    yawspeed                                 0x2000014c   Data          20  condition.o(.data)
    yawang                                   0x20000160   Data          20  condition.o(.data)
    r_wheel                                  0x20000174   Data          20  condition.o(.data)
    l_wheel                                  0x20000188   Data          20  condition.o(.data)
    pl_s                                     0x2000019c   Data          20  condition.o(.data)
    pl_a                                     0x200001b0   Data          20  condition.o(.data)
    PID_Ini                                  0x200001c4   Data           8  condition.o(.data)
    __stdout                                 0x200001d0   Data           4  stdout.o(.data)
    dbus_buf0                                0x200001d4   Data          18  dbus.o(.bss)
    DBBUSS                                   0x200001e8   Data          16  dbus.o(.bss)
    rc_ctrl                                  0x200001f8   Data          22  dbus.o(.bss)
    RX_BUF                                   0x20000210   Data          22  usart3.o(.bss)
    RX_BUF_1                                 0x20000228   Data          48  usart3.o(.bss)
    JudgeDataBuffer                          0x20000258   Data         120  usart2.o(.bss)
    field_events                             0x200002d0   Data          11  usart2.o(.bss)
    robot_stage                              0x200002dc   Data          44  usart2.o(.bss)
    Judge_System_Buffer                      0x20000308   Data          28  usart2.o(.bss)
    Data_Judge_System_Send                   0x20000324   Data          16  usart2.o(.bss)
    bullet                                   0x20000334   Data          11  usart2.o(.bss)
    Robot_interactive_date                   0x2000033f   Data         128  usart2.o(.bss)
    MPU6050_Raw_Data                         0x200003c0   Data          14  mpu6050_driver.o(.bss)
    MPU6050_Real_Data                        0x200003d0   Data          28  mpu6050_driver.o(.bss)
    xQueueRegistry                           0x200003ec   Data          64  queue.o(.bss)
    X_X                                      0x20005738   Data         676  message.o(.bss)
    pit                                      0x200059dc   Data          20  message.o(.bss)
    ya                                       0x200059f0   Data          20  message.o(.bss)
    le_w                                     0x20005a04   Data          20  message.o(.bss)
    ri_w                                     0x20005a18   Data          20  message.o(.bss)
    pl                                       0x20005a2c   Data          20  message.o(.bss)
    gyr                                      0x20005a40   Data          28  message.o(.bss)
    rc_remot                                 0x20005a5c   Data          22  message.o(.bss)
    rc_key                                   0x20005a72   Data          22  message.o(.bss)
    Fuzzy_KD_s                               0x20005a88   Data          12  condition.o(.bss)
    __initial_sp                             0x20005e98   Data           0  startup_stm32f4xx.o(STACK)



==============================================================================

Memory Map of the image

  Image Entry point : 0x08000189

  Load Region LR_IROM1 (Base: 0x08000000, Size: 0x0000a2d8, Max: 0x00100000, ABSOLUTE, COMPRESSED[0x0000a17c])

    Execution Region ER_IROM1 (Exec base: 0x08000000, Load base: 0x08000000, Size: 0x0000a104, Max: 0x00100000, ABSOLUTE)

    Exec Addr    Load Addr    Size         Type   Attr      Idx    E Section Name        Object

    0x08000000   0x08000000   0x00000188   Data   RO          537    RESET               startup_stm32f4xx.o
    0x08000188   0x08000188   0x00000000   Code   RO         1674  * .ARM.Collect$$$$00000000  mc_w.l(entry.o)
    0x08000188   0x08000188   0x00000004   Code   RO         1997    .ARM.Collect$$$$00000001  mc_w.l(entry2.o)
    0x0800018c   0x0800018c   0x00000004   Code   RO         2000    .ARM.Collect$$$$00000004  mc_w.l(entry5.o)
    0x08000190   0x08000190   0x00000000   Code   RO         2002    .ARM.Collect$$$$00000008  mc_w.l(entry7b.o)
    0x08000190   0x08000190   0x00000000   Code   RO         2004    .ARM.Collect$$$$0000000A  mc_w.l(entry8b.o)
    0x08000190   0x08000190   0x00000008   Code   RO         2005    .ARM.Collect$$$$0000000B  mc_w.l(entry9a.o)
    0x08000198   0x08000198   0x00000000   Code   RO         2007    .ARM.Collect$$$$0000000D  mc_w.l(entry10a.o)
    0x08000198   0x08000198   0x00000000   Code   RO         2009    .ARM.Collect$$$$0000000F  mc_w.l(entry11a.o)
    0x08000198   0x08000198   0x00000004   Code   RO         1998    .ARM.Collect$$$$00002712  mc_w.l(entry2.o)
    0x0800019c   0x0800019c   0x000000be   Code   RO         1408    .emb_text           port.o
    0x0800025a   0x0800025a   0x00000002   PAD
    0x0800025c   0x0800025c   0x00000060   Code   RO            4    .text               main.o
    0x080002bc   0x080002bc   0x000000e0   Code   RO          212    .text               misc.o
    0x0800039c   0x0800039c   0x00000014   Code   RO          236    .text               stm32f4xx_it.o
    0x080003b0   0x080003b0   0x00000ca2   Code   RO          290    .text               stm32f4xx_tim.o
    0x08001052   0x08001052   0x00000002   PAD
    0x08001054   0x08001054   0x00000588   Code   RO          338    .text               stm32f4xx_rcc.o
    0x080015dc   0x080015dc   0x000009f0   Code   RO          364    .text               stm32f4xx_can.o
    0x08001fcc   0x08001fcc   0x0000025c   Code   RO          412    .text               stm32f4xx_gpio.o
    0x08002228   0x08002228   0x000003a8   Code   RO          436    .text               stm32f4xx_dma.o
    0x080025d0   0x080025d0   0x0000041a   Code   RO          460    .text               stm32f4xx_usart.o
    0x080029ea   0x080029ea   0x00000002   PAD
    0x080029ec   0x080029ec   0x00000210   Code   RO          508    .text               system_stm32f4xx.o
    0x08002bfc   0x08002bfc   0x00000024   Code   RO          538    .text               startup_stm32f4xx.o
    0x08002c20   0x08002c20   0x000000ec   Code   RO          599    .text               delay.o
    0x08002d0c   0x08002d0c   0x000000b8   Code   RO          648    .text               nvic.o
    0x08002dc4   0x08002dc4   0x00000278   Code   RO          672    .text               dbus.o
    0x0800303c   0x0800303c   0x00000114   Code   RO          712    .text               judge.o
    0x08003150   0x08003150   0x00000074   Code   RO          767    .text               led.o
    0x080031c4   0x080031c4   0x000000e0   Code   RO          791    .text               usart1.o
    0x080032a4   0x080032a4   0x0000026c   Code   RO          819    .text               usart3.o
    0x08003510   0x08003510   0x00000104   Code   RO          857    .text               uart4.o
    0x08003614   0x08003614   0x00000890   Code   RO          882    .text               usart2.o
    0x08003ea4   0x08003ea4   0x0000006c   Code   RO          938    .text               tim2.o
    0x08003f10   0x08003f10   0x000000dc   Code   RO          965    .text               can1.o
    0x08003fec   0x08003fec   0x000000e8   Code   RO          992    .text               can2.o
    0x080040d4   0x080040d4   0x000003d8   Code   RO         1016    .text               mpu6050_driver.o
    0x080044ac   0x080044ac   0x0000036c   Code   RO         1047    .text               mpu6050_i2c.o
    0x08004818   0x08004818   0x00000094   Code   RO         1205    .text               list.o
    0x080048ac   0x080048ac   0x00000fd0   Code   RO         1232    .text               queue.o
    0x0800587c   0x0800587c   0x00001aa0   Code   RO         1308    .text               tasks.o
    0x0800731c   0x0800731c   0x0000064c   Code   RO         1351    .text               timers.o
    0x08007968   0x08007968   0x000002a0   Code   RO         1381    .text               heap_4.o
    0x08007c08   0x08007c08   0x0000033c   Code   RO         1409    .text               port.o
    0x08007f44   0x08007f44   0x00000608   Code   RO         1450    .text               pid.o
    0x0800854c   0x0800854c   0x000000bc   Code   RO         1480    .text               start.o
    0x08008608   0x08008608   0x000001b0   Code   RO         1516    .text               message.o
    0x080087b8   0x080087b8   0x00000250   Code   RO         1547    .text               can_task.o
    0x08008a08   0x08008a08   0x000009b4   Code   RO         1586    .text               clude.o
    0x080093bc   0x080093bc   0x000001ac   Code   RO         1613    .text               repot.o
    0x08009568   0x08009568   0x00000024   Code   RO         1677    .text               mc_w.l(memcpya.o)
    0x0800958c   0x0800958c   0x00000024   Code   RO         1681    .text               mc_w.l(memseta.o)
    0x080095b0   0x080095b0   0x0000000e   Code   RO         1683    .text               mc_w.l(strlen.o)
    0x080095be   0x080095be   0x00000012   Code   RO         1685    .text               mc_w.l(strcpy.o)
    0x080095d0   0x080095d0   0x000000e4   Code   RO         1950    .text               mf_w.l(dmul.o)
    0x080096b4   0x080096b4   0x00000022   Code   RO         1952    .text               mf_w.l(dflti.o)
    0x080096d6   0x080096d6   0x00000038   Code   RO         1956    .text               mf_w.l(d2f.o)
    0x0800970e   0x0800970e   0x0000002c   Code   RO         2012    .text               mc_w.l(uidiv.o)
    0x0800973a   0x0800973a   0x00000000   Code   RO         2023    .text               mc_w.l(iusefp.o)
    0x0800973a   0x0800973a   0x0000006e   Code   RO         2024    .text               mf_w.l(fepilogue.o)
    0x080097a8   0x080097a8   0x000000ba   Code   RO         2026    .text               mf_w.l(depilogue.o)
    0x08009862   0x08009862   0x00000002   PAD
    0x08009864   0x08009864   0x00000024   Code   RO         2042    .text               mc_w.l(init.o)
    0x08009888   0x08009888   0x0000001e   Code   RO         2044    .text               mc_w.l(llshl.o)
    0x080098a6   0x080098a6   0x00000020   Code   RO         2046    .text               mc_w.l(llushr.o)
    0x080098c6   0x080098c6   0x00000056   Code   RO         2058    .text               mc_w.l(__dczerorl2.o)
    0x0800991c   0x0800991c   0x00000020   Code   RO         1778    i.__0printf$3       mc_w.l(printf3.o)
    0x0800993c   0x0800993c   0x00000028   Code   RO         1780    i.__0sprintf$3      mc_w.l(printf3.o)
    0x08009964   0x08009964   0x0000000e   Code   RO         2052    i.__scatterload_copy  mc_w.l(handlers.o)
    0x08009972   0x08009972   0x00000002   Code   RO         2053    i.__scatterload_null  mc_w.l(handlers.o)
    0x08009974   0x08009974   0x0000000e   Code   RO         2054    i.__scatterload_zeroinit  mc_w.l(handlers.o)
    0x08009982   0x08009982   0x00000002   PAD
    0x08009984   0x08009984   0x000001b8   Code   RO         1785    i._printf_core      mc_w.l(printf3.o)
    0x08009b3c   0x08009b3c   0x0000000a   Code   RO         1787    i._sputc            mc_w.l(printf3.o)
    0x08009b46   0x08009b46   0x00000302   Data   RO          713    .constdata          judge.o
    0x08009e48   0x08009e48   0x0000024c   Data   RO         1451    .constdata          pid.o
    0x0800a094   0x0800a094   0x0000004f   Data   RO            6    .conststring        main.o
    0x0800a0e3   0x0800a0e3   0x00000001   PAD
    0x0800a0e4   0x0800a0e4   0x00000020   Data   RO         2050    Region$$Table       anon$$obj.o


    Execution Region RW_IRAM1 (Exec base: 0x20000000, Load base: 0x0800a104, Size: 0x00005e98, Max: 0x00020000, ABSOLUTE, COMPRESSED[0x00000078])

    Exec Addr    Load Addr    Size         Type   Attr      Idx    E Section Name        Object

    0x20000000   COMPRESSED   0x00000010   Data   RW          339    .data               stm32f4xx_rcc.o
    0x20000010   COMPRESSED   0x00000014   Data   RW          509    .data               system_stm32f4xx.o
    0x20000024   COMPRESSED   0x00000004   Data   RW          600    .data               delay.o
    0x20000028   COMPRESSED   0x00000004   Data   RW          675    .data               dbus.o
    0x2000002c   COMPRESSED   0x00000002   Data   RW          714    .data               judge.o
    0x2000002e   COMPRESSED   0x00000001   Data   RW          821    .data               usart3.o
    0x2000002f   COMPRESSED   0x00000001   PAD
    0x20000030   COMPRESSED   0x00000045   Data   RW          884    .data               usart2.o
    0x20000075   COMPRESSED   0x00000003   PAD
    0x20000078   COMPRESSED   0x00000004   Data   RW          939    .data               tim2.o
    0x2000007c   COMPRESSED   0x0000000c   Data   RW         1018    .data               mpu6050_driver.o
    0x20000088   COMPRESSED   0x0000003c   Data   RW         1310    .data               tasks.o
    0x200000c4   COMPRESSED   0x00000014   Data   RW         1353    .data               timers.o
    0x200000d8   COMPRESSED   0x00000018   Data   RW         1383    .data               heap_4.o
    0x200000f0   COMPRESSED   0x0000000c   Data   RW         1410    .data               port.o
    0x200000fc   COMPRESSED   0x00000014   Data   RW         1481    .data               start.o
    0x20000110   COMPRESSED   0x000000bc   Data   RW         1571    .data               condition.o
    0x200001cc   COMPRESSED   0x00000003   Data   RW         1588    .data               clude.o
    0x200001cf   COMPRESSED   0x00000001   PAD
    0x200001d0   COMPRESSED   0x00000004   Data   RW         2011    .data               mc_w.l(stdout.o)
    0x200001d4        -       0x0000003a   Zero   RW          673    .bss                dbus.o
    0x2000020e   COMPRESSED   0x00000002   PAD
    0x20000210        -       0x00000048   Zero   RW          820    .bss                usart3.o
    0x20000258        -       0x00000167   Zero   RW          883    .bss                usart2.o
    0x200003bf   COMPRESSED   0x00000001   PAD
    0x200003c0        -       0x0000002c   Zero   RW         1017    .bss                mpu6050_driver.o
    0x200003ec        -       0x00000040   Zero   RW         1233    .bss                queue.o
    0x2000042c        -       0x000002e4   Zero   RW         1309    .bss                tasks.o
    0x20000710        -       0x00000028   Zero   RW         1352    .bss                timers.o
    0x20000738        -       0x00005000   Zero   RW         1382    .bss                heap_4.o
    0x20005738        -       0x00000350   Zero   RW         1517    .bss                message.o
    0x20005a88        -       0x0000000c   Zero   RW         1570    .bss                condition.o
    0x20005a94   COMPRESSED   0x00000004   PAD
    0x20005a98        -       0x00000400   Zero   RW          535    STACK               startup_stm32f4xx.o


==============================================================================

Image component sizes


      Code (inc. data)   RO Data    RW Data    ZI Data      Debug   Object Name

       220          8          0          0          0        677   can1.o
       232         10          0          0          0        685   can2.o
       592         46          0          0          0       2660   can_task.o
      2484        152          0          3          0       3072   clude.o
         0          0          0        188         12       1006   condition.o
       632         34          0          4         58       4948   dbus.o
       236          8          0          4          0       4271   delay.o
         0          0          0          0          0       9356   event_groups.o
       672         82          0         24      20480       3380   heap_4.o
       276         14        770          2          0       3028   judge.o
       116         10          0          0          0        564   led.o
       148          0          0          0          0       1946   list.o
        96          4         79          0          0     293360   main.o
       432         58          0          0        848       4703   message.o
       224         20          0          0          0       1817   misc.o
       984        166          0         12         44       2423   mpu6050_driver.o
       876         90          0          0          0       3955   mpu6050_i2c.o
       184          0          0          0          0        603   nvic.o
      1544          4        588          0          0       3460   pid.o
      1018        112          0         12          0       8275   port.o
      4048         56          0          0         64      20838   queue.o
       428         16          0          0          0       1693   repot.o
       188         76          0         20          0       1092   start.o
        36          8        392          0       1024        820   startup_stm32f4xx.o
      2544         38          0          0          0       8148   stm32f4xx_can.o
       936         32          0          0          0       6397   stm32f4xx_dma.o
       604         36          0          0          0       4133   stm32f4xx_gpio.o
        20          0          0          0          0        963   stm32f4xx_it.o
      1416         48          0         16          0      11043   stm32f4xx_rcc.o
      3234         60          0          0          0      23016   stm32f4xx_tim.o
      1050         26          0          0          0       7860   stm32f4xx_usart.o
       528         46          0         20          0       1851   system_stm32f4xx.o
      6816        414          0         60        740      34312   tasks.o
       108          4          0          4          0        858   tim2.o
      1612        110          0         20         40      11823   timers.o
       260         26          0          0          0        702   uart4.o
       224         10          0          0          0       1215   usart1.o
      2192        180          0         69        359       7791   usart2.o
       620         42          0          1         72       6340   usart3.o

    ----------------------------------------------------------------------
     37836       2046       1862        464      23748     505084   Object Totals
         0          0         32          0          0          0   (incl. Generated)
         6          0          1          5          7          0   (incl. Padding)

    ----------------------------------------------------------------------

      Code (inc. data)   RO Data    RW Data    ZI Data      Debug   Library Member Name

        86          0          0          0          0          0   __dczerorl2.o
         0          0          0          0          0          0   entry.o
         0          0          0          0          0          0   entry10a.o
         0          0          0          0          0          0   entry11a.o
         8          4          0          0          0          0   entry2.o
         4          0          0          0          0          0   entry5.o
         0          0          0          0          0          0   entry7b.o
         0          0          0          0          0          0   entry8b.o
         8          4          0          0          0          0   entry9a.o
        30          0          0          0          0          0   handlers.o
        36          8          0          0          0         68   init.o
         0          0          0          0          0          0   iusefp.o
        30          0          0          0          0         68   llshl.o
        32          0          0          0          0         68   llushr.o
        36          0          0          0          0         68   memcpya.o
        36          0          0          0          0        108   memseta.o
       522         20          0          0          0        336   printf3.o
         0          0          0          4          0          0   stdout.o
        18          0          0          0          0         68   strcpy.o
        14          0          0          0          0         68   strlen.o
        44          0          0          0          0         80   uidiv.o
        56          0          0          0          0         88   d2f.o
       186          0          0          0          0        176   depilogue.o
        34          0          0          0          0         76   dflti.o
       228          0          0          0          0         96   dmul.o
       110          0          0          0          0        168   fepilogue.o

    ----------------------------------------------------------------------
      1522         36          0          4          0       1536   Library Totals
         4          0          0          0          0          0   (incl. Padding)

    ----------------------------------------------------------------------

      Code (inc. data)   RO Data    RW Data    ZI Data      Debug   Library Name

       904         36          0          4          0        932   mc_w.l
       614          0          0          0          0        604   mf_w.l

    ----------------------------------------------------------------------
      1522         36          0          4          0       1536   Library Totals

    ----------------------------------------------------------------------

==============================================================================


      Code (inc. data)   RO Data    RW Data    ZI Data      Debug   

     39358       2082       1862        468      23748     499276   Grand Totals
     39358       2082       1862        120      23748     499276   ELF Image Totals (compressed)
     39358       2082       1862        120          0          0   ROM Totals

==============================================================================

    Total RO  Size (Code + RO Data)                41220 (  40.25kB)
    Total RW  Size (RW Data + ZI Data)             24216 (  23.65kB)
    Total ROM Size (Code + RO Data + RW Data)      41340 (  40.37kB)

==============================================================================

