Component: ARM Compiler 5.06 update 6 (build 750) Tool: armlink [4d35ed]

==============================================================================

Section Cross References

    main.o(.text) refers to misc.o(.text) for NVIC_PriorityGroupConfig
    main.o(.text) refers to delay.o(.text) for delay_init
    main.o(.text) refers to usart1.o(.text) for USART1_Configuration
    main.o(.text) refers to can1.o(.text) for CAN1_Configuration
    main.o(.text) refers to can2.o(.text) for CAN2_Configuration
    main.o(.text) refers to stm32f4xx_rcc.o(.text) for RCC_AHB1PeriphClockCmd
    main.o(.text) refers to stm32f4xx_gpio.o(.text) for GPIO_Init
    main.o(.text) refers to usart2.o(.text) for USART2_Configuration
    main.o(.text) refers to usart3.o(.text) for USART3_Configuration
    main.o(.text) refers to uart4.o(.text) for UART4_Configuration
    main.o(.text) refers to tim2.o(.text) for TIM2_Configuration
    main.o(.text) refers to led.o(.text) for Led_Configuration
    main.o(.text) refers to pwm1.o(.text) for PWM_1_Configuration
    main.o(.text) refers to nvic.o(.text) for Nvic
    main.o(.text) refers to printfa.o(i.__0printf) for __2printf
    main.o(.text) refers to start.o(.text) for startTast
    main.o(.text) refers to tasks.o(.text) for vTaskStartScheduler
    main.o(.text) refers to main.o(.conststring) for .conststring
    stm32f4xx_rng.o(.text) refers to stm32f4xx_rcc.o(.text) for RCC_AHB2PeriphResetCmd
    stm32f4xx_tim.o(.text) refers to stm32f4xx_rcc.o(.text) for RCC_APB2PeriphResetCmd
    stm32f4xx_adc.o(.text) refers to stm32f4xx_rcc.o(.text) for RCC_APB2PeriphResetCmd
    stm32f4xx_rcc.o(.text) refers to stm32f4xx_rcc.o(.data) for APBAHBPrescTable
    stm32f4xx_can.o(.text) refers to stm32f4xx_rcc.o(.text) for RCC_APB1PeriphResetCmd
    stm32f4xx_gpio.o(.text) refers to stm32f4xx_rcc.o(.text) for RCC_AHB1PeriphResetCmd
    stm32f4xx_usart.o(.text) refers to stm32f4xx_rcc.o(.text) for RCC_APB2PeriphResetCmd
    stm32f4xx_syscfg.o(.text) refers to stm32f4xx_rcc.o(.text) for RCC_APB2PeriphResetCmd
    system_stm32f4xx.o(.text) refers to system_stm32f4xx.o(.data) for SystemCoreClock
    startup_stm32f4xx.o(RESET) refers to startup_stm32f4xx.o(STACK) for __initial_sp
    startup_stm32f4xx.o(RESET) refers to startup_stm32f4xx.o(.text) for Reset_Handler
    startup_stm32f4xx.o(RESET) refers to stm32f4xx_it.o(.text) for NMI_Handler
    startup_stm32f4xx.o(RESET) refers to port.o(.emb_text) for SVC_Handler
    startup_stm32f4xx.o(RESET) refers to delay.o(.text) for SysTick_Handler
    startup_stm32f4xx.o(RESET) refers to usart2.o(.text) for DMA1_Stream6_IRQHandler
    startup_stm32f4xx.o(RESET) refers to can_task.o(.text) for CAN1_RX0_IRQHandler
    startup_stm32f4xx.o(RESET) refers to tim2.o(.text) for TIM2_IRQHandler
    startup_stm32f4xx.o(RESET) refers to usart3.o(.text) for USART3_IRQHandler
    startup_stm32f4xx.o(RESET) refers to dbus.o(.text) for UART4_IRQHandler
    startup_stm32f4xx.o(.text) refers to system_stm32f4xx.o(.text) for SystemInit
    startup_stm32f4xx.o(.text) refers to entry.o(.ARM.Collect$$$$00000000) for __main
    stm32f4xx_dac.o(.text) refers to stm32f4xx_rcc.o(.text) for RCC_APB1PeriphResetCmd
    delay.o(.text) refers to tasks.o(.text) for xTaskGetSchedulerState
    delay.o(.text) refers to port.o(.text) for xPortSysTickHandler
    delay.o(.text) refers to misc.o(.text) for SysTick_CLKSourceConfig
    delay.o(.text) refers to delay.o(.data) for fac_us
    nvic.o(.text) refers to misc.o(.text) for NVIC_Init
    dbus.o(.text) refers to stm32f4xx_usart.o(.text) for USART_GetITStatus
    dbus.o(.text) refers to stm32f4xx_dma.o(.text) for DMA_GetCurrentMemoryTarget
    dbus.o(.text) refers to dbus.o(.data) for Access_buffer
    dbus.o(.text) refers to dbus.o(.bss) for dbus_buf0
    dbus.o(.text) refers to message.o(.bss) for rc_ctr
    judge.o(.text) refers to judge.o(.constdata) for CRC8_TAB
    judge.o(.text) refers to judge.o(.data) for CRC_INIT
    laser.o(.text) refers to stm32f4xx_rcc.o(.text) for RCC_AHB1PeriphClockCmd
    laser.o(.text) refers to stm32f4xx_gpio.o(.text) for GPIO_Init
    led.o(.text) refers to stm32f4xx_rcc.o(.text) for RCC_AHB1PeriphClockCmd
    led.o(.text) refers to stm32f4xx_gpio.o(.text) for GPIO_Init
    usart1.o(.text) refers to stm32f4xx_rcc.o(.text) for RCC_AHB1PeriphClockCmd
    usart1.o(.text) refers to stm32f4xx_gpio.o(.text) for GPIO_PinAFConfig
    usart1.o(.text) refers to stm32f4xx_usart.o(.text) for USART_Init
    usart3.o(.text) refers to stm32f4xx_rcc.o(.text) for RCC_AHB1PeriphClockCmd
    usart3.o(.text) refers to stm32f4xx_gpio.o(.text) for GPIO_PinAFConfig
    usart3.o(.text) refers to stm32f4xx_usart.o(.text) for USART_DeInit
    usart3.o(.text) refers to stm32f4xx_dma.o(.text) for DMA_DeInit
    usart3.o(.text) refers to queue.o(.text) for xQueueGiveFromISR
    usart3.o(.text) refers to usart3.o(.bss) for RX_BUF
    usart3.o(.text) refers to usart3.o(.data) for USART3temp
[...]
    xNumOfOverflows                          0x200000a4   Data           4  tasks.o(.data)
    uxTaskNumber                             0x200000a8   Data           4  tasks.o(.data)
    xNextTaskUnblockTime                     0x200000ac   Data           4  tasks.o(.data)
    xIdleTaskHandle                          0x200000b0   Data           4  tasks.o(.data)
    uxSchedulerSuspended                     0x200000b4   Data           4  tasks.o(.data)
    .data                                    0x200000b8   Section       20  timers.o(.data)
    pxCurrentTimerList                       0x200000b8   Data           4  timers.o(.data)
    pxOverflowTimerList                      0x200000bc   Data           4  timers.o(.data)
    xTimerQueue                              0x200000c0   Data           4  timers.o(.data)
    xTimerTaskHandle                         0x200000c4   Data           4  timers.o(.data)
    xLastTime                                0x200000c8   Data           4  timers.o(.data)
    .data                                    0x200000cc   Section       24  heap_4.o(.data)
    xStart                                   0x200000cc   Data           8  heap_4.o(.data)
    pxEnd                                    0x200000d4   Data           4  heap_4.o(.data)
    xFreeBytesRemaining                      0x200000d8   Data           4  heap_4.o(.data)
    xMinimumEverFreeBytesRemaining           0x200000dc   Data           4  heap_4.o(.data)
    xBlockAllocatedBit                       0x200000e0   Data           4  heap_4.o(.data)
    .data                                    0x200000e4   Section       12  port.o(.data)
    uxCriticalNesting                        0x200000e4   Data           4  port.o(.data)
    ucMaxSysCallPriority                     0x200000e8   Data           1  port.o(.data)
    ulMaxPRIGROUPValue                       0x200000ec   Data           4  port.o(.data)
    .data                                    0x200000f0   Section       36  chassis.o(.data)
    Ek_1                                     0x200000fc   Data           4  chassis.o(.data)
    EkSum                                    0x20000100   Data           4  chassis.o(.data)
    Ek_2                                     0x20000104   Data           4  chassis.o(.data)
    Out                                      0x20000108   Data           4  chassis.o(.data)
    sum_ek                                   0x2000010c   Data           4  chassis.o(.data)
    last_ek                                  0x20000110   Data           4  chassis.o(.data)
    .data                                    0x20000114   Section       20  start.o(.data)
    .data                                    0x20000128   Section        8  message.o(.data)
    .data                                    0x20000130   Section       80  condition.o(.data)
    .data                                    0x20000180   Section        4  stdout.o(.data)
    .data                                    0x20000184   Section        4  errno.o(.data)
    _errno                                   0x20000184   Data           4  errno.o(.data)
    .bss                                     0x20000188   Section       58  dbus.o(.bss)
    .bss                                     0x200001c4   Section       72  usart3.o(.bss)
    .bss                                     0x2000020c   Section      359  usart2.o(.bss)
    .bss                                     0x20000374   Section       64  queue.o(.bss)
    .bss                                     0x200003b4   Section      740  tasks.o(.bss)
    pxReadyTasksLists                        0x200003b4   Data         640  tasks.o(.bss)
    xDelayedTaskList1                        0x20000634   Data          20  tasks.o(.bss)
    xDelayedTaskList2                        0x20000648   Data          20  tasks.o(.bss)
    xPendingReadyList                        0x2000065c   Data          20  tasks.o(.bss)
    xTasksWaitingTermination                 0x20000670   Data          20  tasks.o(.bss)
    xSuspendedTaskList                       0x20000684   Data          20  tasks.o(.bss)
    .bss                                     0x20000698   Section       40  timers.o(.bss)
    xActiveTimerList1                        0x20000698   Data          20  timers.o(.bss)
    xActiveTimerList2                        0x200006ac   Data          20  timers.o(.bss)
    .bss                                     0x200006c0   Section    20480  heap_4.o(.bss)
    ucHeap                                   0x200006c0   Data       20480  heap_4.o(.bss)
    .bss                                     0x200056c0   Section      434  message.o(.bss)
    STACK                                    0x20005878   Section     1024  startup_stm32f4xx.o(STACK)

    Global Symbols

    Symbol Name                              Value     Ov Type        Size  Object(Section)

    BuildAttributes$$THM_ISAv4$E$P$D$K$B$S$7EM$VFPi3$EXTD16$VFPS$VFMA$PE$A:L22UL41UL21$X:L11$S22US41US21$IEEE1$IW$USESV6$~STKCKD$USESV7$~SHL$OTIME$ROPI$IEEEX$EBA8$MICROLIB$REQ8$PRES8$EABIv2 0x00000000   Number         0  anon$$obj.o ABSOLUTE
    __ARM_use_no_argv                        0x00000000   Number         0  main.o ABSOLUTE
    _printf_a                                0x00000000   Number         0  stubs.o ABSOLUTE
    _printf_c                                0x00000000   Number         0  stubs.o ABSOLUTE
    _printf_charcount                        0x00000000   Number         0  stubs.o ABSOLUTE
    _printf_d                                0x00000000   Number         0  stubs.o ABSOLUTE
    _printf_e                                0x00000000   Number         0  stubs.o ABSOLUTE
    _printf_f                                0x00000000   Number         0  stubs.o ABSOLUTE
    _printf_flags                            0x00000000   Number         0  stubs.o ABSOLUTE
    _printf_fp_dec                           0x00000000   Number         0  stubs.o ABSOLUTE
    _printf_fp_hex                           0x00000000   Number         0  stubs.o ABSOLUTE
    _printf_g                                0x00000000   Number         0  stubs.o ABSOLUTE
    _printf_i                                0x00000000   Number         0  stubs.o ABSOLUTE
    _printf_int_dec                          0x00000000   Number         0  stubs.o ABSOLUTE
    _printf_l                                0x00000000   Number         0  stubs.o ABSOLUTE
    _printf_lc                               0x00000000   Number         0  stubs.o ABSOLUTE
    _printf_ll                               0x00000000   Number         0  stubs.o ABSOLUTE
    _printf_lld                              0x00000000   Number         0  stubs.o ABSOLUTE
    _printf_lli                              0x00000000   Number         0  stubs.o ABSOLUTE
    _printf_llo                              0x00000000   Number         0  stubs.o ABSOLUTE
    _printf_llu                              0x00000000   Number         0  stubs.o ABSOLUTE
    _printf_llx                              0x00000000   Number         0  stubs.o ABSOLUTE
    _printf_longlong_dec                     0x00000000   Number         0  stubs.o ABSOLUTE
    _printf_longlong_hex                     0x00000000   Number         0  stubs.o ABSOLUTE
    _printf_longlong_oct                     0x00000000   Number         0  stubs.o ABSOLUTE
    _printf_ls                               0x00000000   Number         0  stubs.o ABSOLUTE
    _printf_mbtowc                           0x00000000   Number         0  stubs.o ABSOLUTE
    _printf_n                                0x00000000   Number         0  stubs.o ABSOLUTE
    _printf_o                                0x00000000   Number         0  stubs.o ABSOLUTE
    _printf_p                                0x00000000   Number         0  stubs.o ABSOLUTE
    _printf_percent                          0x00000000   Number         0  stubs.o ABSOLUTE
    _printf_pre_padding                      0x00000000   Number         0  stubs.o ABSOLUTE
    _printf_return_value                     0x00000000   Number         0  stubs.o ABSOLUTE
    _printf_s                                0x00000000   Number         0  stubs.o ABSOLUTE
    _printf_sizespec                         0x00000000   Number         0  stubs.o ABSOLUTE
    _printf_str                              0x00000000   Number         0  stubs.o ABSOLUTE
    _printf_truncate_signed                  0x00000000   Number         0  stubs.o ABSOLUTE
    _printf_truncate_unsigned                0x00000000   Number         0  stubs.o ABSOLUTE
    _printf_u                                0x00000000   Number         0  stubs.o ABSOLUTE
    _printf_wc                               0x00000000   Number         0  stubs.o ABSOLUTE
    _printf_wctomb                           0x00000000   Number         0  stubs.o ABSOLUTE
    _printf_widthprec                        0x00000000   Number         0  stubs.o ABSOLUTE
    _printf_x                                0x00000000   Number         0  stubs.o ABSOLUTE
    __cpp_initialize__aeabi_                  - Undefined Weak Reference
    __cxa_finalize                            - Undefined Weak Reference
    _clock_init                               - Undefined Weak Reference
    _microlib_exit                            - Undefined Weak Reference
    __Vectors_Size                           0x00000188   Number         0  startup_stm32f4xx.o ABSOLUTE
    __Vectors                                0x08000000   Data           4  startup_stm32f4xx.o(RESET)
    __Vectors_End                            0x08000188   Data           0  startup_stm32f4xx.o(RESET)
    __main                                   0x08000189   Thumb Code     0  entry.o(.ARM.Collect$$$$00000000)
    _main_stk                                0x08000189   Thumb Code     0  entry2.o(.ARM.Collect$$$$00000001)
    _main_scatterload                        0x0800018d   Thumb Code     0  entry5.o(.ARM.Collect$$$$00000004)
    __main_after_scatterload                 0x08000191   Thumb Code     0  entry5.o(.ARM.Collect$$$$00000004)
    _main_clock                              0x08000191   Thumb Code     0  entry7b.o(.ARM.Collect$$$$00000008)
    _main_cpp_init                           0x08000191   Thumb Code     0  entry8b.o(.ARM.Collect$$$$0000000A)
    _main_init                               0x08000191   Thumb Code     0  entry9a.o(.ARM.Collect$$$$0000000B)
    __rt_final_cpp                           0x08000199   Thumb Code     0  entry10a.o(.ARM.Collect$$$$0000000D)
    __rt_final_exit                          0x08000199   Thumb Code     0  entry11a.o(.ARM.Collect$$$$0000000F)
    SVC_Handler                              0x0800019d   Thumb Code    28  port.o(.emb_text)
    __asm___6_port_c_39a90d8d__prvStartFirstTask 0x080001bd   Thumb Code    36  port.o(.emb_text)
    __asm___6_port_c_39a90d8d__prvEnableVFP  0x080001e5   Thumb Code    16  port.o(.emb_text)
    PendSV_Handler                           0x080001f9   Thumb Code    88  port.o(.emb_text)
    vPortGetIPSR                             0x08000255   Thumb Code     6  port.o(.emb_text)
    main                                     0x0800025d   Thumb Code   114  main.o(.text)
    NVIC_PriorityGroupConfig                 0x080002dd   Thumb Code    10  misc.o(.text)
    NVIC_Init                                0x080002e7   Thumb Code   106  misc.o(.text)
    NVIC_SetVectorTable                      0x08000351   Thumb Code    14  misc.o(.text)
    NVIC_SystemLPConfig                      0x0800035f   Thumb Code    34  misc.o(.text)
    SysTick_CLKSourceConfig                  0x08000381   Thumb Code    40  misc.o(.text)
    NMI_Handler                              0x080003bd   Thumb Code     2  stm32f4xx_it.o(.text)
    HardFault_Handler                        0x080003bf   Thumb Code     4  stm32f4xx_it.o(.text)
    MemManage_Handler                        0x080003c3   Thumb Code     4  stm32f4xx_it.o(.text)
    BusFault_Handler                         0x080003c7   Thumb Code     4  stm32f4xx_it.o(.text)
    UsageFault_Handler                       0x080003cb   Thumb Code     4  stm32f4xx_it.o(.text)
    DebugMon_Handler                         0x080003cf   Thumb Code     2  stm32f4xx_it.o(.text)
    TIM_DeInit                               0x080003d1   Thumb Code   346  stm32f4xx_tim.o(.text)
    TIM_TimeBaseInit                         0x0800052b   Thumb Code   104  stm32f4xx_tim.o(.text)
    TIM_TimeBaseStructInit                   0x08000593   Thumb Code    18  stm32f4xx_tim.o(.text)
    TIM_PrescalerConfig                      0x080005a5   Thumb Code     6  stm32f4xx_tim.o(.text)
    TIM_CounterModeConfig                    0x080005ab   Thumb Code    18  stm32f4xx_tim.o(.text)
    TIM_SetCounter                           0x080005bd   Thumb Code     4  stm32f4xx_tim.o(.text)
    TIM_SetAutoreload                        0x080005c1   Thumb Code     4  stm32f4xx_tim.o(.text)
    TIM_GetCounter                           0x080005c5   Thumb Code     6  stm32f4xx_tim.o(.text)
    TIM_GetPrescaler                         0x080005cb   Thumb Code     6  stm32f4xx_tim.o(.text)
    TIM_UpdateDisableConfig                  0x080005d1   Thumb Code    24  stm32f4xx_tim.o(.text)
    TIM_UpdateRequestConfig                  0x080005e9   Thumb Code    24  stm32f4xx_tim.o(.text)
    TIM_ARRPreloadConfig                     0x08000601   Thumb Code    24  stm32f4xx_tim.o(.text)
    TIM_SelectOnePulseMode                   0x08000619   Thumb Code    18  stm32f4xx_tim.o(.text)
    TIM_SetClockDivision                     0x0800062b   Thumb Code    18  stm32f4xx_tim.o(.text)
    TIM_Cmd                                  0x0800063d   Thumb Code    24  stm32f4xx_tim.o(.text)
    TIM_OC1Init                              0x08000655   Thumb Code   114  stm32f4xx_tim.o(.text)
    TIM_OC2Init                              0x080006c7   Thumb Code   154  stm32f4xx_tim.o(.text)
    TIM_OC3Init                              0x08000761   Thumb Code   204  stm32f4xx_tim.o(.text)
    TIM_OC4Init                              0x0800082d   Thumb Code   112  stm32f4xx_tim.o(.text)
    TIM_OCStructInit                         0x0800089d   Thumb Code    20  stm32f4xx_tim.o(.text)
    TIM_SelectOCxM                           0x080008b1   Thumb Code    86  stm32f4xx_tim.o(.text)
    TIM_SetCompare1                          0x08000907   Thumb Code     4  stm32f4xx_tim.o(.text)
    TIM_SetCompare2                          0x0800090b   Thumb Code     4  stm32f4xx_tim.o(.text)
    TIM_SetCompare3                          0x0800090f   Thumb Code     4  stm32f4xx_tim.o(.text)
    TIM_SetCompare4                          0x08000913   Thumb Code     4  stm32f4xx_tim.o(.text)
    TIM_ForcedOC1Config                      0x08000917   Thumb Code    18  stm32f4xx_tim.o(.text)
    TIM_ForcedOC2Config                      0x08000929   Thumb Code    26  stm32f4xx_tim.o(.text)
    TIM_ForcedOC3Config                      0x08000943   Thumb Code    18  stm32f4xx_tim.o(.text)
    TIM_ForcedOC4Config                      0x08000955   Thumb Code    26  stm32f4xx_tim.o(.text)
    TIM_OC1PreloadConfig                     0x0800096f   Thumb Code    18  stm32f4xx_tim.o(.text)
    TIM_OC2PreloadConfig                     0x08000981   Thumb Code    26  stm32f4xx_tim.o(.text)
    TIM_OC3PreloadConfig                     0x0800099b   Thumb Code    18  stm32f4xx_tim.o(.text)
    TIM_OC4PreloadConfig                     0x080009ad   Thumb Code    26  stm32f4xx_tim.o(.text)
    TIM_OC1FastConfig                        0x080009c7   Thumb Code    18  stm32f4xx_tim.o(.text)
    TIM_OC2FastConfig                        0x080009d9   Thumb Code    26  stm32f4xx_tim.o(.text)
    TIM_OC3FastConfig                        0x080009f3   Thumb Code    18  stm32f4xx_tim.o(.text)
    TIM_OC4FastConfig                        0x08000a05   Thumb Code    26  stm32f4xx_tim.o(.text)
    TIM_ClearOC1Ref                          0x08000a1f   Thumb Code    18  stm32f4xx_tim.o(.text)
    TIM_ClearOC2Ref                          0x08000a31   Thumb Code    24  stm32f4xx_tim.o(.text)
    TIM_ClearOC3Ref                          0x08000a49   Thumb Code    18  stm32f4xx_tim.o(.text)
    TIM_ClearOC4Ref                          0x08000a5b   Thumb Code    24  stm32f4xx_tim.o(.text)
    TIM_OC1PolarityConfig                    0x08000a73   Thumb Code    18  stm32f4xx_tim.o(.text)
    TIM_OC1NPolarityConfig                   0x08000a85   Thumb Code    18  stm32f4xx_tim.o(.text)
    TIM_OC2PolarityConfig                    0x08000a97   Thumb Code    26  stm32f4xx_tim.o(.text)
    TIM_OC2NPolarityConfig                   0x08000ab1   Thumb Code    26  stm32f4xx_tim.o(.text)
    TIM_OC3PolarityConfig                    0x08000acb   Thumb Code    26  stm32f4xx_tim.o(.text)
    TIM_OC3NPolarityConfig                   0x08000ae5   Thumb Code    26  stm32f4xx_tim.o(.text)
    TIM_OC4PolarityConfig                    0x08000aff   Thumb Code    26  stm32f4xx_tim.o(.text)
    TIM_CCxCmd                               0x08000b19   Thumb Code    30  stm32f4xx_tim.o(.text)
    TIM_CCxNCmd                              0x08000b37   Thumb Code    30  stm32f4xx_tim.o(.text)
    TIM_SetIC4Prescaler                      0x08000b55   Thumb Code    26  stm32f4xx_tim.o(.text)
    TIM_SetIC3Prescaler                      0x08000bbf   Thumb Code    18  stm32f4xx_tim.o(.text)
    TIM_SetIC2Prescaler                      0x08000c19   Thumb Code    26  stm32f4xx_tim.o(.text)
    TIM_SetIC1Prescaler                      0x08000c8d   Thumb Code    18  stm32f4xx_tim.o(.text)
    TIM_ICInit                               0x08000cd9   Thumb Code   110  stm32f4xx_tim.o(.text)
    TIM_ICStructInit                         0x08000d47   Thumb Code    18  stm32f4xx_tim.o(.text)
    TIM_PWMIConfig                           0x08000d59   Thumb Code   124  stm32f4xx_tim.o(.text)
    TIM_GetCapture1                          0x08000dd5   Thumb Code     6  stm32f4xx_tim.o(.text)
    TIM_GetCapture2                          0x08000ddb   Thumb Code     6  stm32f4xx_tim.o(.text)
    TIM_GetCapture3                          0x08000de1   Thumb Code     6  stm32f4xx_tim.o(.text)
    TIM_GetCapture4                          0x08000de7   Thumb Code     6  stm32f4xx_tim.o(.text)
    TIM_BDTRConfig                           0x08000ded   Thumb Code    32  stm32f4xx_tim.o(.text)
    TIM_BDTRStructInit                       0x08000e0d   Thumb Code    18  stm32f4xx_tim.o(.text)
    TIM_CtrlPWMOutputs                       0x08000e1f   Thumb Code    30  stm32f4xx_tim.o(.text)
    TIM_SelectCOM                            0x08000e3d   Thumb Code    24  stm32f4xx_tim.o(.text)
    TIM_CCPreloadControl                     0x08000e55   Thumb Code    24  stm32f4xx_tim.o(.text)
    TIM_ITConfig                             0x08000e6d   Thumb Code    18  stm32f4xx_tim.o(.text)
    TIM_GenerateEvent                        0x08000e7f   Thumb Code     4  stm32f4xx_tim.o(.text)
    TIM_GetFlagStatus                        0x08000e83   Thumb Code    18  stm32f4xx_tim.o(.text)
    TIM_ClearFlag                            0x08000e95   Thumb Code     6  stm32f4xx_tim.o(.text)
    TIM_GetITStatus                          0x08000e9b   Thumb Code    34  stm32f4xx_tim.o(.text)
    TIM_ClearITPendingBit                    0x08000ebd   Thumb Code     6  stm32f4xx_tim.o(.text)
    TIM_DMAConfig                            0x08000ec3   Thumb Code    10  stm32f4xx_tim.o(.text)
    TIM_DMACmd                               0x08000ecd   Thumb Code    18  stm32f4xx_tim.o(.text)
    TIM_SelectCCDMA                          0x08000edf   Thumb Code    24  stm32f4xx_tim.o(.text)
    TIM_InternalClockConfig                  0x08000ef7   Thumb Code    12  stm32f4xx_tim.o(.text)
    TIM_SelectInputTrigger                   0x08000f03   Thumb Code    18  stm32f4xx_tim.o(.text)
    TIM_ITRxExternalClockConfig              0x08000f15   Thumb Code    24  stm32f4xx_tim.o(.text)
    TIM_TIxExternalClockConfig               0x08000f2d   Thumb Code    62  stm32f4xx_tim.o(.text)
    TIM_ETRConfig                            0x08000f6b   Thumb Code    28  stm32f4xx_tim.o(.text)
    TIM_ETRClockMode1Config                  0x08000f87   Thumb Code    54  stm32f4xx_tim.o(.text)
    TIM_ETRClockMode2Config                  0x08000fbd   Thumb Code    32  stm32f4xx_tim.o(.text)
    TIM_SelectOutputTrigger                  0x08000fdd   Thumb Code    18  stm32f4xx_tim.o(.text)
    TIM_SelectSlaveMode                      0x08000fef   Thumb Code    18  stm32f4xx_tim.o(.text)
    TIM_SelectMasterSlaveMode                0x08001001   Thumb Code    18  stm32f4xx_tim.o(.text)
    TIM_EncoderInterfaceConfig               0x08001013   Thumb Code    66  stm32f4xx_tim.o(.text)
    TIM_SelectHallSensor                     0x08001055   Thumb Code    24  stm32f4xx_tim.o(.text)
    TIM_RemapConfig                          0x0800106d   Thumb Code     6  stm32f4xx_tim.o(.text)
    RCC_DeInit                               0x08001075   Thumb Code    60  stm32f4xx_rcc.o(.text)
    RCC_HSEConfig                            0x080010b1   Thumb Code    14  stm32f4xx_rcc.o(.text)
    RCC_GetFlagStatus                        0x080010bf   Thumb Code    60  stm32f4xx_rcc.o(.text)
    RCC_WaitForHSEStartUp                    0x080010fb   Thumb Code    56  stm32f4xx_rcc.o(.text)
    RCC_AdjustHSICalibrationValue            0x08001133   Thumb Code    20  stm32f4xx_rcc.o(.text)
    RCC_HSICmd                               0x08001147   Thumb Code     6  stm32f4xx_rcc.o(.text)
    RCC_LSEConfig                            0x0800114d   Thumb Code    46  stm32f4xx_rcc.o(.text)
    RCC_LSICmd                               0x0800117b   Thumb Code     6  stm32f4xx_rcc.o(.text)
    RCC_PLLConfig                            0x08001181   Thumb Code    32  stm32f4xx_rcc.o(.text)
    RCC_PLLCmd                               0x080011a1   Thumb Code     6  stm32f4xx_rcc.o(.text)
    RCC_PLLI2SConfig                         0x080011a7   Thumb Code    14  stm32f4xx_rcc.o(.text)
    RCC_PLLI2SCmd                            0x080011b5   Thumb Code     6  stm32f4xx_rcc.o(.text)
    RCC_ClockSecuritySystemCmd               0x080011bb   Thumb Code     6  stm32f4xx_rcc.o(.text)
    RCC_MCO1Config                           0x080011c1   Thumb Code    28  stm32f4xx_rcc.o(.text)
    RCC_MCO2Config                           0x080011dd   Thumb Code    28  stm32f4xx_rcc.o(.text)
    RCC_SYSCLKConfig                         0x080011f9   Thumb Code    20  stm32f4xx_rcc.o(.text)
    RCC_GetSYSCLKSource                      0x0800120d   Thumb Code    12  stm32f4xx_rcc.o(.text)
    RCC_HCLKConfig                           0x08001219   Thumb Code    20  stm32f4xx_rcc.o(.text)
    RCC_PCLK1Config                          0x0800122d   Thumb Code    20  stm32f4xx_rcc.o(.text)
    RCC_PCLK2Config                          0x08001241   Thumb Code    22  stm32f4xx_rcc.o(.text)
    RCC_GetClocksFreq                        0x08001257   Thumb Code   222  stm32f4xx_rcc.o(.text)
    RCC_RTCCLKConfig                         0x08001335   Thumb Code    54  stm32f4xx_rcc.o(.text)
    RCC_RTCCLKCmd                            0x0800136b   Thumb Code     8  stm32f4xx_rcc.o(.text)
    RCC_BackupResetCmd                       0x08001373   Thumb Code     8  stm32f4xx_rcc.o(.text)
    RCC_I2SCLKConfig                         0x0800137b   Thumb Code     6  stm32f4xx_rcc.o(.text)
    RCC_AHB1PeriphClockCmd                   0x08001381   Thumb Code    34  stm32f4xx_rcc.o(.text)
    RCC_AHB2PeriphClockCmd                   0x080013a3   Thumb Code    34  stm32f4xx_rcc.o(.text)
    RCC_AHB3PeriphClockCmd                   0x080013c5   Thumb Code    34  stm32f4xx_rcc.o(.text)
    RCC_APB1PeriphClockCmd                   0x080013e7   Thumb Code    34  stm32f4xx_rcc.o(.text)
    RCC_APB2PeriphClockCmd                   0x08001409   Thumb Code    34  stm32f4xx_rcc.o(.text)
    RCC_AHB1PeriphResetCmd                   0x0800142b   Thumb Code    34  stm32f4xx_rcc.o(.text)
    RCC_AHB2PeriphResetCmd                   0x0800144d   Thumb Code    72  stm32f4xx_rcc.o(.text)
    RCC_AHB3PeriphResetCmd                   0x08001495   Thumb Code    34  stm32f4xx_rcc.o(.text)
    RCC_APB1PeriphResetCmd                   0x080014b7   Thumb Code    34  stm32f4xx_rcc.o(.text)
    RCC_APB2PeriphResetCmd                   0x080014d9   Thumb Code    34  stm32f4xx_rcc.o(.text)
    RCC_AHB1PeriphClockLPModeCmd             0x080014fb   Thumb Code    34  stm32f4xx_rcc.o(.text)
    RCC_AHB2PeriphClockLPModeCmd             0x0800151d   Thumb Code    34  stm32f4xx_rcc.o(.text)
    RCC_AHB3PeriphClockLPModeCmd             0x0800153f   Thumb Code    34  stm32f4xx_rcc.o(.text)
    RCC_APB1PeriphClockLPModeCmd             0x08001561   Thumb Code    34  stm32f4xx_rcc.o(.text)
    RCC_APB2PeriphClockLPModeCmd             0x08001583   Thumb Code    34  stm32f4xx_rcc.o(.text)
    RCC_ITConfig                             0x080015a5   Thumb Code    34  stm32f4xx_rcc.o(.text)
    RCC_ClearFlag                            0x080015c7   Thumb Code    18  stm32f4xx_rcc.o(.text)
    RCC_GetITStatus                          0x080015d9   Thumb Code    22  stm32f4xx_rcc.o(.text)
    RCC_ClearITPendingBit                    0x080015ef   Thumb Code     8  stm32f4xx_rcc.o(.text)
    CAN_DeInit                               0x080015fd   Thumb Code    50  stm32f4xx_can.o(.text)
    CAN_Init                                 0x0800162f   Thumb Code   276  stm32f4xx_can.o(.text)
    CAN_FilterInit                           0x08001743   Thumb Code   258  stm32f4xx_can.o(.text)
    CAN_StructInit                           0x08001845   Thumb Code    32  stm32f4xx_can.o(.text)
    CAN_SlaveStartBank                       0x08001865   Thumb Code    48  stm32f4xx_can.o(.text)
    CAN_DBGFreeze                            0x08001895   Thumb Code    22  stm32f4xx_can.o(.text)
    CAN_TTComModeCmd                         0x080018ab   Thumb Code   118  stm32f4xx_can.o(.text)
    CAN_Transmit                             0x08001921   Thumb Code   304  stm32f4xx_can.o(.text)
    CAN_TransmitStatus                       0x08001a51   Thumb Code   138  stm32f4xx_can.o(.text)
    CAN_CancelTransmit                       0x08001adb   Thumb Code    48  stm32f4xx_can.o(.text)
    CAN_Receive                              0x08001b0b   Thumb Code   240  stm32f4xx_can.o(.text)
    CAN_FIFORelease                          0x08001bfb   Thumb Code    22  stm32f4xx_can.o(.text)
    CAN_MessagePending                       0x08001c11   Thumb Code    30  stm32f4xx_can.o(.text)
    CAN_OperatingModeRequest                 0x08001c2f   Thumb Code   162  stm32f4xx_can.o(.text)
    CAN_Sleep                                0x08001cd1   Thumb Code    30  stm32f4xx_can.o(.text)
    CAN_WakeUp                               0x08001cef   Thumb Code    48  stm32f4xx_can.o(.text)
    CAN_GetLastErrorCode                     0x08001d1f   Thumb Code    12  stm32f4xx_can.o(.text)
    CAN_GetReceiveErrorCounter               0x08001d2b   Thumb Code    10  stm32f4xx_can.o(.text)
    CAN_GetLSBTransmitErrorCounter           0x08001d35   Thumb Code    12  stm32f4xx_can.o(.text)
    CAN_ITConfig                             0x08001d41   Thumb Code    18  stm32f4xx_can.o(.text)
    CAN_GetFlagStatus                        0x08001d53   Thumb Code   120  stm32f4xx_can.o(.text)
    CAN_ClearFlag                            0x08001dcb   Thumb Code    52  stm32f4xx_can.o(.text)
    CAN_GetITStatus                          0x08001e11   Thumb Code   310  stm32f4xx_can.o(.text)
    CAN_ClearITPendingBit                    0x08001f47   Thumb Code   162  stm32f4xx_can.o(.text)
    GPIO_DeInit                              0x08001fed   Thumb Code   220  stm32f4xx_gpio.o(.text)
    GPIO_Init                                0x080020c9   Thumb Code   144  stm32f4xx_gpio.o(.text)
    GPIO_StructInit                          0x08002159   Thumb Code    18  stm32f4xx_gpio.o(.text)
    GPIO_PinLockConfig                       0x0800216b   Thumb Code    34  stm32f4xx_gpio.o(.text)
    GPIO_ReadInputDataBit                    0x0800218d   Thumb Code    18  stm32f4xx_gpio.o(.text)
    GPIO_ReadInputData                       0x0800219f   Thumb Code     8  stm32f4xx_gpio.o(.text)
    GPIO_ReadOutputDataBit                   0x080021a7   Thumb Code    18  stm32f4xx_gpio.o(.text)
    GPIO_ReadOutputData                      0x080021b9   Thumb Code     8  stm32f4xx_gpio.o(.text)
    GPIO_SetBits                             0x080021c1   Thumb Code     4  stm32f4xx_gpio.o(.text)
    GPIO_ResetBits                           0x080021c5   Thumb Code     4  stm32f4xx_gpio.o(.text)
    GPIO_WriteBit                            0x080021c9   Thumb Code    10  stm32f4xx_gpio.o(.text)
    GPIO_Write                               0x080021d3   Thumb Code     4  stm32f4xx_gpio.o(.text)
    GPIO_ToggleBits                          0x080021d7   Thumb Code     8  stm32f4xx_gpio.o(.text)
    GPIO_PinAFConfig                         0x080021df   Thumb Code    70  stm32f4xx_gpio.o(.text)
    DMA_DeInit                               0x08002249   Thumb Code   324  stm32f4xx_dma.o(.text)
    DMA_Init                                 0x0800238d   Thumb Code    82  stm32f4xx_dma.o(.text)
    DMA_StructInit                           0x080023df   Thumb Code    34  stm32f4xx_dma.o(.text)
    DMA_Cmd                                  0x08002401   Thumb Code    22  stm32f4xx_dma.o(.text)
    DMA_PeriphIncOffsetSizeConfig            0x08002417   Thumb Code    22  stm32f4xx_dma.o(.text)
    DMA_FlowControllerConfig                 0x0800242d   Thumb Code    22  stm32f4xx_dma.o(.text)
    DMA_SetCurrDataCounter                   0x08002443   Thumb Code     4  stm32f4xx_dma.o(.text)
    DMA_GetCurrDataCounter                   0x08002447   Thumb Code     8  stm32f4xx_dma.o(.text)
    DMA_DoubleBufferModeConfig               0x0800244f   Thumb Code    24  stm32f4xx_dma.o(.text)
    DMA_DoubleBufferModeCmd                  0x08002467   Thumb Code    22  stm32f4xx_dma.o(.text)
    DMA_MemoryTargetConfig                   0x0800247d   Thumb Code    10  stm32f4xx_dma.o(.text)
    DMA_GetCurrentMemoryTarget               0x08002487   Thumb Code    20  stm32f4xx_dma.o(.text)
    DMA_GetCmdStatus                         0x0800249b   Thumb Code    20  stm32f4xx_dma.o(.text)
    DMA_GetFIFOStatus                        0x080024af   Thumb Code    12  stm32f4xx_dma.o(.text)
    DMA_GetFlagStatus                        0x080024bb   Thumb Code    56  stm32f4xx_dma.o(.text)
    DMA_ClearFlag                            0x080024f3   Thumb Code    40  stm32f4xx_dma.o(.text)
    DMA_ITConfig                             0x0800251b   Thumb Code    58  stm32f4xx_dma.o(.text)
    DMA_GetITStatus                          0x08002555   Thumb Code    84  stm32f4xx_dma.o(.text)
    DMA_ClearITPendingBit                    0x080025a9   Thumb Code    40  stm32f4xx_dma.o(.text)
    USART_DeInit                             0x080025f1   Thumb Code   156  stm32f4xx_usart.o(.text)
    USART_Init                               0x0800268d   Thumb Code   204  stm32f4xx_usart.o(.text)
    USART_StructInit                         0x08002759   Thumb Code    24  stm32f4xx_usart.o(.text)
    USART_ClockInit                          0x08002771   Thumb Code    32  stm32f4xx_usart.o(.text)
    USART_ClockStructInit                    0x08002791   Thumb Code    12  stm32f4xx_usart.o(.text)
    USART_Cmd                                0x0800279d   Thumb Code    24  stm32f4xx_usart.o(.text)
    USART_SetPrescaler                       0x080027b5   Thumb Code    16  stm32f4xx_usart.o(.text)
    USART_OverSampling8Cmd                   0x080027c5   Thumb Code    22  stm32f4xx_usart.o(.text)
    USART_OneBitMethodCmd                    0x080027db   Thumb Code    24  stm32f4xx_usart.o(.text)
    USART_SendData                           0x080027f3   Thumb Code     8  stm32f4xx_usart.o(.text)
    USART_ReceiveData                        0x080027fb   Thumb Code    10  stm32f4xx_usart.o(.text)
    USART_SetAddress                         0x08002805   Thumb Code    18  stm32f4xx_usart.o(.text)
    USART_ReceiverWakeUpCmd                  0x08002817   Thumb Code    24  stm32f4xx_usart.o(.text)
    USART_WakeUpConfig                       0x0800282f   Thumb Code    18  stm32f4xx_usart.o(.text)
    USART_LINBreakDetectLengthConfig         0x08002841   Thumb Code    18  stm32f4xx_usart.o(.text)
    USART_LINCmd                             0x08002853   Thumb Code    24  stm32f4xx_usart.o(.text)
    USART_SendBreak                          0x0800286b   Thumb Code    10  stm32f4xx_usart.o(.text)
    USART_HalfDuplexCmd                      0x08002875   Thumb Code    24  stm32f4xx_usart.o(.text)
    USART_SetGuardTime                       0x0800288d   Thumb Code    16  stm32f4xx_usart.o(.text)
    USART_SmartCardCmd                       0x0800289d   Thumb Code    24  stm32f4xx_usart.o(.text)
    USART_SmartCardNACKCmd                   0x080028b5   Thumb Code    24  stm32f4xx_usart.o(.text)
    USART_IrDAConfig                         0x080028cd   Thumb Code    18  stm32f4xx_usart.o(.text)
    USART_IrDACmd                            0x080028df   Thumb Code    24  stm32f4xx_usart.o(.text)
    USART_DMACmd                             0x080028f7   Thumb Code    18  stm32f4xx_usart.o(.text)
    USART_ITConfig                           0x08002909   Thumb Code    74  stm32f4xx_usart.o(.text)
    USART_GetFlagStatus                      0x08002953   Thumb Code    26  stm32f4xx_usart.o(.text)
    USART_ClearFlag                          0x0800296d   Thumb Code    18  stm32f4xx_usart.o(.text)
    USART_GetITStatus                        0x0800297f   Thumb Code   110  stm32f4xx_usart.o(.text)
    USART_ClearITPendingBit                  0x080029ed   Thumb Code    30  stm32f4xx_usart.o(.text)
    SystemInit                               0x08002ae9   Thumb Code    88  system_stm32f4xx.o(.text)
    SystemCoreClockUpdate                    0x08002b41   Thumb Code   174  system_stm32f4xx.o(.text)
    Reset_Handler                            0x08002c1d   Thumb Code     8  startup_stm32f4xx.o(.text)
    ADC_IRQHandler                           0x08002c37   Thumb Code     0  startup_stm32f4xx.o(.text)
    CAN1_RX1_IRQHandler                      0x08002c37   Thumb Code     0  startup_stm32f4xx.o(.text)
    CAN1_SCE_IRQHandler                      0x08002c37   Thumb Code     0  startup_stm32f4xx.o(.text)
    CAN1_TX_IRQHandler                       0x08002c37   Thumb Code     0  startup_stm32f4xx.o(.text)
    CAN2_RX1_IRQHandler                      0x08002c37   Thumb Code     0  startup_stm32f4xx.o(.text)
    CAN2_SCE_IRQHandler                      0x08002c37   Thumb Code     0  startup_stm32f4xx.o(.text)
    CAN2_TX_IRQHandler                       0x08002c37   Thumb Code     0  startup_stm32f4xx.o(.text)
    CRYP_IRQHandler                          0x08002c37   Thumb Code     0  startup_stm32f4xx.o(.text)
    DCMI_IRQHandler                          0x08002c37   Thumb Code     0  startup_stm32f4xx.o(.text)
    DMA1_Stream0_IRQHandler                  0x08002c37   Thumb Code     0  startup_stm32f4xx.o(.text)
    DMA1_Stream1_IRQHandler                  0x08002c37   Thumb Code     0  startup_stm32f4xx.o(.text)
    DMA1_Stream2_IRQHandler                  0x08002c37   Thumb Code     0  startup_stm32f4xx.o(.text)
    DMA1_Stream3_IRQHandler                  0x08002c37   Thumb Code     0  startup_stm32f4xx.o(.text)
    DMA1_Stream4_IRQHandler                  0x08002c37   Thumb Code     0  startup_stm32f4xx.o(.text)
    DMA1_Stream5_IRQHandler                  0x08002c37   Thumb Code     0  startup_stm32f4xx.o(.text)
    DMA1_Stream7_IRQHandler                  0x08002c37   Thumb Code     0  startup_stm32f4xx.o(.text)
    DMA2_Stream0_IRQHandler                  0x08002c37   Thumb Code     0  startup_stm32f4xx.o(.text)
    DMA2_Stream1_IRQHandler                  0x08002c37   Thumb Code     0  startup_stm32f4xx.o(.text)
    DMA2_Stream2_IRQHandler                  0x08002c37   Thumb Code     0  startup_stm32f4xx.o(.text)
    DMA2_Stream3_IRQHandler                  0x08002c37   Thumb Code     0  startup_stm32f4xx.o(.text)
    DMA2_Stream4_IRQHandler                  0x08002c37   Thumb Code     0  startup_stm32f4xx.o(.text)
    DMA2_Stream5_IRQHandler                  0x08002c37   Thumb Code     0  startup_stm32f4xx.o(.text)
    DMA2_Stream6_IRQHandler                  0x08002c37   Thumb Code     0  startup_stm32f4xx.o(.text)
    DMA2_Stream7_IRQHandler                  0x08002c37   Thumb Code     0  startup_stm32f4xx.o(.text)
    ETH_IRQHandler                           0x08002c37   Thumb Code     0  startup_stm32f4xx.o(.text)
    ETH_WKUP_IRQHandler                      0x08002c37   Thumb Code     0  startup_stm32f4xx.o(.text)
    EXTI0_IRQHandler                         0x08002c37   Thumb Code     0  startup_stm32f4xx.o(.text)
    EXTI15_10_IRQHandler                     0x08002c37   Thumb Code     0  startup_stm32f4xx.o(.text)
    EXTI1_IRQHandler                         0x08002c37   Thumb Code     0  startup_stm32f4xx.o(.text)
    EXTI2_IRQHandler                         0x08002c37   Thumb Code     0  startup_stm32f4xx.o(.text)
    EXTI3_IRQHandler                         0x08002c37   Thumb Code     0  startup_stm32f4xx.o(.text)
    EXTI4_IRQHandler                         0x08002c37   Thumb Code     0  startup_stm32f4xx.o(.text)
    EXTI9_5_IRQHandler                       0x08002c37   Thumb Code     0  startup_stm32f4xx.o(.text)
    FLASH_IRQHandler                         0x08002c37   Thumb Code     0  startup_stm32f4xx.o(.text)
    FPU_IRQHandler                           0x08002c37   Thumb Code     0  startup_stm32f4xx.o(.text)
    FSMC_IRQHandler                          0x08002c37   Thumb Code     0  startup_stm32f4xx.o(.text)
    HASH_RNG_IRQHandler                      0x08002c37   Thumb Code     0  startup_stm32f4xx.o(.text)
    I2C1_ER_IRQHandler                       0x08002c37   Thumb Code     0  startup_stm32f4xx.o(.text)
    I2C1_EV_IRQHandler                       0x08002c37   Thumb Code     0  startup_stm32f4xx.o(.text)
    I2C2_ER_IRQHandler                       0x08002c37   Thumb Code     0  startup_stm32f4xx.o(.text)
    I2C2_EV_IRQHandler                       0x08002c37   Thumb Code     0  startup_stm32f4xx.o(.text)
    I2C3_ER_IRQHandler                       0x08002c37   Thumb Code     0  startup_stm32f4xx.o(.text)
    I2C3_EV_IRQHandler                       0x08002c37   Thumb Code     0  startup_stm32f4xx.o(.text)
    OTG_FS_IRQHandler                        0x08002c37   Thumb Code     0  startup_stm32f4xx.o(.text)
    OTG_FS_WKUP_IRQHandler                   0x08002c37   Thumb Code     0  startup_stm32f4xx.o(.text)
    OTG_HS_EP1_IN_IRQHandler                 0x08002c37   Thumb Code     0  startup_stm32f4xx.o(.text)
    OTG_HS_EP1_OUT_IRQHandler                0x08002c37   Thumb Code     0  startup_stm32f4xx.o(.text)
    OTG_HS_IRQHandler                        0x08002c37   Thumb Code     0  startup_stm32f4xx.o(.text)
    OTG_HS_WKUP_IRQHandler                   0x08002c37   Thumb Code     0  startup_stm32f4xx.o(.text)
    PVD_IRQHandler                           0x08002c37   Thumb Code     0  startup_stm32f4xx.o(.text)
    RCC_IRQHandler                           0x08002c37   Thumb Code     0  startup_stm32f4xx.o(.text)
    RTC_Alarm_IRQHandler                     0x08002c37   Thumb Code     0  startup_stm32f4xx.o(.text)
    RTC_WKUP_IRQHandler                      0x08002c37   Thumb Code     0  startup_stm32f4xx.o(.text)
    SDIO_IRQHandler                          0x08002c37   Thumb Code     0  startup_stm32f4xx.o(.text)
    SPI1_IRQHandler                          0x08002c37   Thumb Code     0  startup_stm32f4xx.o(.text)
    SPI2_IRQHandler                          0x08002c37   Thumb Code     0  startup_stm32f4xx.o(.text)
    SPI3_IRQHandler                          0x08002c37   Thumb Code     0  startup_stm32f4xx.o(.text)
    TAMP_STAMP_IRQHandler                    0x08002c37   Thumb Code     0  startup_stm32f4xx.o(.text)
    TIM1_BRK_TIM9_IRQHandler                 0x08002c37   Thumb Code     0  startup_stm32f4xx.o(.text)
    TIM1_CC_IRQHandler                       0x08002c37   Thumb Code     0  startup_stm32f4xx.o(.text)
    TIM1_TRG_COM_TIM11_IRQHandler            0x08002c37   Thumb Code     0  startup_stm32f4xx.o(.text)
    TIM1_UP_TIM10_IRQHandler                 0x08002c37   Thumb Code     0  startup_stm32f4xx.o(.text)
    TIM3_IRQHandler                          0x08002c37   Thumb Code     0  startup_stm32f4xx.o(.text)
    TIM4_IRQHandler                          0x08002c37   Thumb Code     0  startup_stm32f4xx.o(.text)
    TIM5_IRQHandler                          0x08002c37   Thumb Code     0  startup_stm32f4xx.o(.text)
    TIM6_DAC_IRQHandler                      0x08002c37   Thumb Code     0  startup_stm32f4xx.o(.text)
    TIM7_IRQHandler                          0x08002c37   Thumb Code     0  startup_stm32f4xx.o(.text)
    TIM8_BRK_TIM12_IRQHandler                0x08002c37   Thumb Code     0  startup_stm32f4xx.o(.text)
    TIM8_CC_IRQHandler                       0x08002c37   Thumb Code     0  startup_stm32f4xx.o(.text)
    TIM8_TRG_COM_TIM14_IRQHandler            0x08002c37   Thumb Code     0  startup_stm32f4xx.o(.text)
    TIM8_UP_TIM13_IRQHandler                 0x08002c37   Thumb Code     0  startup_stm32f4xx.o(.text)
    UART5_IRQHandler                         0x08002c37   Thumb Code     0  startup_stm32f4xx.o(.text)
    USART1_IRQHandler                        0x08002c37   Thumb Code     0  startup_stm32f4xx.o(.text)
    USART6_IRQHandler                        0x08002c37   Thumb Code     0  startup_stm32f4xx.o(.text)
    WWDG_IRQHandler                          0x08002c37   Thumb Code     0  startup_stm32f4xx.o(.text)
    SysTick_Handler                          0x08002c41   Thumb Code    16  delay.o(.text)
    delay_init                               0x08002c51   Thumb Code    58  delay.o(.text)
    delay_us                                 0x08002c8b   Thumb Code    68  delay.o(.text)
    delay_xms                                0x08002ccf   Thumb Code    24  delay.o(.text)
    delay_ms                                 0x08002ce7   Thumb Code    62  delay.o(.text)
    Nvic                                     0x08002d2d   Thumb Code   184  nvic.o(.text)
    DBUS_Enc                                 0x08002e09   Thumb Code   124  dbus.o(.text)
    DBUS_Dec                                 0x08002e85   Thumb Code   220  dbus.o(.text)
    UART4_IRQHandler                         0x08002f61   Thumb Code   218  dbus.o(.text)
    Get_CRC8_Check_Sum                       0x0800305d   Thumb Code    30  judge.o(.text)
    Verify_CRC8_Check_Sum                    0x0800307b   Thumb Code    46  judge.o(.text)
    Append_CRC8_Check_Sum                    0x080030a9   Thumb Code    36  judge.o(.text)
    Get_CRC16_Check_Sum                      0x080030cd   Thumb Code    46  judge.o(.text)
    Verify_CRC16_Check_Sum                   0x080030fb   Thumb Code    60  judge.o(.text)
    Append_CRC16_Check_Sum                   0x08003137   Thumb Code    44  judge.o(.text)
    Led_Configuration                        0x08003171   Thumb Code   106  led.o(.text)
    USART1_Configuration                     0x080031e5   Thumb Code   128  usart1.o(.text)
    USART1_SendChar                          0x08003265   Thumb Code    28  usart1.o(.text)
    fputc                                    0x08003281   Thumb Code    32  usart1.o(.text)
    fgetc                                    0x080032a1   Thumb Code    26  usart1.o(.text)
    USART3_Configuration                     0x080032c5   Thumb Code   262  usart3.o(.text)
    USART3_IRQHandler                        0x080033cb   Thumb Code   288  usart3.o(.text)
    USART3_SendChar                          0x080034eb   Thumb Code    28  usart3.o(.text)
    UART4_Configuration                      0x08003531   Thumb Code   234  uart4.o(.text)
    USART2_Configuration                     0x08003635   Thumb Code   364  usart2.o(.text)
    USART2_IRQHandler                        0x080037a1   Thumb Code  1114  usart2.o(.text)
    Judge_System_SendData                    0x08003bfb   Thumb Code   328  usart2.o(.text)
    DMA1_Stream6_IRQHandler                  0x08003d43   Thumb Code    50  usart2.o(.text)
    USART2_SendChar                          0x08003d75   Thumb Code    28  usart2.o(.text)
    Appointment_bullet                       0x08003d91   Thumb Code    84  usart2.o(.text)
    Robot_interactive                        0x08003de5   Thumb Code   142  usart2.o(.text)
    PWM_1_Configuration                      0x08003ec5   Thumb Code   256  pwm1.o(.text)
    TIM2_Configuration                       0x08003fcd   Thumb Code    62  tim2.o(.text)
    TIM2_IRQHandler                          0x0800400b   Thumb Code    42  tim2.o(.text)
    CAN1_Configuration                       0x08004039   Thumb Code   212  can1.o(.text)
    CAN2_Configuration                       0x08004115   Thumb Code   222  can2.o(.text)
    vListInitialise                          0x080041fd   Thumb Code    26  list.o(.text)
    vListInitialiseItem                      0x08004217   Thumb Code     6  list.o(.text)
    vListInsertEnd                           0x0800421d   Thumb Code    24  list.o(.text)
    vListInsert                              0x08004235   Thumb Code    52  list.o(.text)
    uxListRemove                             0x08004269   Thumb Code    40  list.o(.text)
    xQueueGenericReset                       0x08004291   Thumb Code   136  queue.o(.text)
    xQueueGenericCreate                      0x08004347   Thumb Code    80  queue.o(.text)
    xQueueGenericSend                        0x08004541   Thumb Code   470  queue.o(.text)
    xQueueCreateMutex                        0x08004735   Thumb Code    34  queue.o(.text)
    xQueueGiveMutexRecursive                 0x08004757   Thumb Code    66  queue.o(.text)
    xQueueSemaphoreTake                      0x080047c7   Thumb Code   410  queue.o(.text)
    xQueueTakeMutexRecursive                 0x08004961   Thumb Code    72  queue.o(.text)
    xQueueCreateCountingSemaphore            0x080049a9   Thumb Code    80  queue.o(.text)
    xQueueGenericSendFromISR                 0x080049f9   Thumb Code   250  queue.o(.text)
    xQueueGiveFromISR                        0x08004af3   Thumb Code   228  queue.o(.text)
    xQueueReceive                            0x08004c01   Thumb Code   338  queue.o(.text)
    xQueuePeek                               0x08004d53   Thumb Code   344  queue.o(.text)
    xQueueReceiveFromISR                     0x08004eab   Thumb Code   190  queue.o(.text)
    xQueuePeekFromISR                        0x08004f69   Thumb Code   158  queue.o(.text)
    uxQueueMessagesWaiting                   0x08005007   Thumb Code    36  queue.o(.text)
    uxQueueSpacesAvailable                   0x0800502b   Thumb Code    42  queue.o(.text)
    uxQueueMessagesWaitingFromISR            0x08005055   Thumb Code    36  queue.o(.text)
    vQueueUnregisterQueue                    0x08005079   Thumb Code    44  queue.o(.text)
    vQueueDelete                             0x080050a5   Thumb Code    38  queue.o(.text)
    uxQueueGetQueueNumber                    0x080050cb   Thumb Code     6  queue.o(.text)
    vQueueSetQueueNumber                     0x080050d1   Thumb Code     4  queue.o(.text)
    ucQueueGetQueueType                      0x080050d5   Thumb Code     8  queue.o(.text)
    xQueueIsQueueEmptyFromISR                0x080050dd   Thumb Code    38  queue.o(.text)
    xQueueIsQueueFullFromISR                 0x08005103   Thumb Code    42  queue.o(.text)
    vQueueAddToRegistry                      0x0800512d   Thumb Code    38  queue.o(.text)
    pcQueueGetName                           0x08005153   Thumb Code    38  queue.o(.text)
    vQueueWaitForMessageRestricted           0x08005179   Thumb Code    74  queue.o(.text)
    xQueueCreateSet                          0x080051c3   Thumb Code    20  queue.o(.text)
    xQueueAddToSet                           0x080051d7   Thumb Code    38  queue.o(.text)
    xQueueRemoveFromSet                      0x080051fd   Thumb Code    48  queue.o(.text)
    xQueueSelectFromSet                      0x0800522d   Thumb Code    24  queue.o(.text)
    xQueueSelectFromSetFromISR               0x08005245   Thumb Code    22  queue.o(.text)
    xTaskCreate                              0x080053fb   Thumb Code    96  tasks.o(.text)
    vTaskDelete                              0x08005497   Thumb Code   192  tasks.o(.text)
    xTaskIncrementTick                       0x08005557   Thumb Code   384  tasks.o(.text)
    xTaskResumeAll                           0x080056d7   Thumb Code   218  tasks.o(.text)
    vTaskSuspendAll                          0x0800582d   Thumb Code    12  tasks.o(.text)
    vTaskDelayUntil                          0x08005839   Thumb Code   182  tasks.o(.text)
    vTaskDelay                               0x080058ef   Thumb Code    76  tasks.o(.text)
    eTaskGetState                            0x0800593b   Thumb Code   122  tasks.o(.text)
    uxTaskPriorityGet                        0x080059b5   Thumb Code    30  tasks.o(.text)
    uxTaskPriorityGetFromISR                 0x080059d3   Thumb Code    62  tasks.o(.text)
    vTaskPrioritySet                         0x08005a11   Thumb Code   314  tasks.o(.text)
    vTaskSwitchContext                       0x08005b4b   Thumb Code   114  tasks.o(.text)
    vTaskSuspend                             0x08005bbd   Thumb Code   204  tasks.o(.text)
    vTaskResume                              0x08005cd5   Thumb Code   122  tasks.o(.text)
    xTaskResumeFromISR                       0x08005d4f   Thumb Code   152  tasks.o(.text)
    vTaskStartScheduler                      0x08005e43   Thumb Code   112  tasks.o(.text)
    vTaskEndScheduler                        0x08005eb3   Thumb Code    32  tasks.o(.text)
    xTaskGetTickCount                        0x08005ed3   Thumb Code    78  tasks.o(.text)
    xTaskGetTickCountFromISR                 0x08005f21   Thumb Code    16  tasks.o(.text)
    uxTaskGetNumberOfTasks                   0x08005f31   Thumb Code     6  tasks.o(.text)
    pcTaskGetName                            0x08005f37   Thumb Code    40  tasks.o(.text)
    xTaskGetHandle                           0x0800600f   Thumb Code   136  tasks.o(.text)
    vTaskGetInfo                             0x080060ad   Thumb Code   126  tasks.o(.text)
    uxTaskGetSystemState                     0x08006195   Thumb Code   152  tasks.o(.text)
    vTaskPlaceOnEventList                    0x0800622d   Thumb Code    46  tasks.o(.text)
    vTaskPlaceOnUnorderedEventList           0x0800625b   Thumb Code    88  tasks.o(.text)
    vTaskPlaceOnEventListRestricted          0x080062b3   Thumb Code    54  tasks.o(.text)
    xTaskRemoveFromEventList                 0x080062e9   Thumb Code   164  tasks.o(.text)
    vTaskRemoveFromUnorderedEventList        0x0800638d   Thumb Code   130  tasks.o(.text)
    vTaskSetTimeOutState                     0x0800640f   Thumb Code    44  tasks.o(.text)
    vTaskInternalSetTimeOutState             0x0800643b   Thumb Code    14  tasks.o(.text)
    xTaskCheckForTimeOut                     0x08006449   Thumb Code   120  tasks.o(.text)
    vTaskMissedYield                         0x080064c1   Thumb Code     8  tasks.o(.text)
    uxTaskGetTaskNumber                      0x080064c9   Thumb Code    14  tasks.o(.text)
    vTaskSetTaskNumber                       0x080064d7   Thumb Code     8  tasks.o(.text)
    xTaskGetCurrentTaskHandle                0x080064df   Thumb Code     6  tasks.o(.text)
    xTaskGetSchedulerState                   0x080064e5   Thumb Code    24  tasks.o(.text)
    xTaskPriorityInherit                     0x080064fd   Thumb Code   186  tasks.o(.text)
    xTaskPriorityDisinherit                  0x080065b7   Thumb Code   176  tasks.o(.text)
    vTaskPriorityDisinheritAfterTimeout      0x08006667   Thumb Code   254  tasks.o(.text)
    vTaskList                                0x0800678f   Thumb Code   200  tasks.o(.text)
    uxTaskResetEventItemValue                0x08006857   Thumb Code    24  tasks.o(.text)
    pvTaskIncrementMutexHeldCount            0x0800686f   Thumb Code    26  tasks.o(.text)
    ulTaskNotifyTake                         0x08006889   Thumb Code   108  tasks.o(.text)
    xTaskNotifyWait                          0x080068f5   Thumb Code   150  tasks.o(.text)
    xTaskGenericNotify                       0x0800698b   Thumb Code   256  tasks.o(.text)
    xTaskGenericNotifyFromISR                0x08006a8b   Thumb Code   356  tasks.o(.text)
    vTaskNotifyGiveFromISR                   0x08006bef   Thumb Code   198  tasks.o(.text)
    xTaskNotifyStateClear                    0x08006cb5   Thumb Code    48  tasks.o(.text)
    xTimerGenericCommand                     0x08006d51   Thumb Code   118  timers.o(.text)
    xTimerCreateTimerTask                    0x080070b7   Thumb Code    56  timers.o(.text)
    xTimerCreate                             0x08007195   Thumb Code    48  timers.o(.text)
    xTimerGetTimerDaemonTaskHandle           0x080071c5   Thumb Code    38  timers.o(.text)
    xTimerGetPeriod                          0x080071eb   Thumb Code    28  timers.o(.text)
    xTimerGetExpiryTime                      0x08007207   Thumb Code    30  timers.o(.text)
    pcTimerGetName                           0x08007225   Thumb Code    28  timers.o(.text)
    xTimerIsTimerActive                      0x08007241   Thumb Code    56  timers.o(.text)
    pvTimerGetTimerID                        0x08007279   Thumb Code    38  timers.o(.text)
    vTimerSetTimerID                         0x0800729f   Thumb Code    38  timers.o(.text)
    xTimerPendFunctionCallFromISR            0x080072c5   Thumb Code    48  timers.o(.text)
    xTimerPendFunctionCall                   0x080072f5   Thumb Code    70  timers.o(.text)
    uxTimerGetTimerNumber                    0x0800733b   Thumb Code     6  timers.o(.text)
    vTimerSetTimerNumber                     0x08007341   Thumb Code     4  timers.o(.text)
    pvPortMalloc                             0x0800740f   Thumb Code   262  heap_4.o(.text)
    vPortFree                                0x08007515   Thumb Code   120  heap_4.o(.text)
    xPortGetFreeHeapSize                     0x0800758d   Thumb Code     6  heap_4.o(.text)
    xPortGetMinimumEverFreeHeapSize          0x08007593   Thumb Code     6  heap_4.o(.text)
    vPortInitialiseBlocks                    0x08007599   Thumb Code     2  heap_4.o(.text)
    pxPortInitialiseStack                    0x0800761d   Thumb Code    38  port.o(.text)
    vPortSetupTimerInterrupt                 0x08007643   Thumb Code    36  port.o(.text)
    xPortStartScheduler                      0x08007667   Thumb Code   322  port.o(.text)
    vPortEndScheduler                        0x080077a9   Thumb Code    34  port.o(.text)
    vPortEnterCritical                       0x080077cb   Thumb Code    70  port.o(.text)
    vPortExitCritical                        0x08007811   Thumb Code    48  port.o(.text)
    xPortSysTickHandler                      0x08007841   Thumb Code    48  port.o(.text)
    vPortValidateInterruptPriority           0x08007871   Thumb Code    88  port.o(.text)
    Chassis_PID_Calculate                    0x08007929   Thumb Code   164  chassis.o(.text)
    accelerate                               0x080079cd   Thumb Code   342  chassis.o(.text)
    Power_PID                                0x08007b23   Thumb Code   254  chassis.o(.text)
    Chassic_Power_Limit                      0x08007c21   Thumb Code   506  chassis.o(.text)
    Chassis_Calculate                        0x08007e1b   Thumb Code    60  chassis.o(.text)
    MODE_ENABLE                              0x08007e57   Thumb Code   838  chassis.o(.text)
    MODE_Choose                              0x0800819d   Thumb Code   128  chassis.o(.text)
    Chassis_PID_Init                         0x0800821d   Thumb Code   204  chassis.o(.text)
    Chassis_Task                             0x080082e9   Thumb Code   384  chassis.o(.text)
    Follow                                   0x08008469   Thumb Code   212  chassis.o(.text)
    PID_Init                                 0x08008565   Thumb Code    22  pid.o(.text)
    PID_Calculat                             0x0800857b   Thumb Code   222  pid.o(.text)
    start_task                               0x08008659   Thumb Code    86  start.o(.text)
    startTast                                0x080086af   Thumb Code    26  start.o(.text)
    first                                    0x08008721   Thumb Code     4  message.o(.text)
    second                                   0x08008725   Thumb Code     4  message.o(.text)
    third                                    0x08008729   Thumb Code     4  message.o(.text)
    fourth                                   0x0800872d   Thumb Code     4  message.o(.text)
    RC_CTRL                                  0x08008731   Thumb Code     4  message.o(.text)
    get_num                                  0x08008735   Thumb Code     4  message.o(.text)
    get_sita                                 0x08008739   Thumb Code     4  message.o(.text)
    get_GM                                   0x0800873d   Thumb Code     4  message.o(.text)
    MOTO_Message                             0x08008741   Thumb Code   110  message.o(.text)
    get_gyro_measuer                         0x080087af   Thumb Code   130  message.o(.text)
    get_power                                0x08008831   Thumb Code    54  message.o(.text)
    GM6020                                   0x08008867   Thumb Code   114  message.o(.text)
    CAN2_KEYS                                0x0800890d   Thumb Code    94  can_task.o(.text)
    CAN2_Remote                              0x0800896b   Thumb Code    94  can_task.o(.text)
    CAN_Send_Clude_Task                      0x080089c9   Thumb Code   152  can_task.o(.text)
    CAN1_RX0_IRQHandler                      0x08008a61   Thumb Code   130  can_task.o(.text)
    CAN2_RX0_IRQHandler                      0x08008ae3   Thumb Code   178  can_task.o(.text)
    CAN1_Send                                0x08008b95   Thumb Code    96  can_task.o(.text)
    Printf_Task                              0x08008c2d   Thumb Code    68  repot.o(.text)
    Data_sends                               0x08008c71   Thumb Code   376  repot.o(.text)
    __aeabi_memcpy                           0x08008dfd   Thumb Code    36  memcpya.o(.text)
    __aeabi_memcpy4                          0x08008dfd   Thumb Code     0  memcpya.o(.text)
    __aeabi_memcpy8                          0x08008dfd   Thumb Code     0  memcpya.o(.text)
    __aeabi_memset                           0x08008e21   Thumb Code    14  memseta.o(.text)
    __aeabi_memset4                          0x08008e21   Thumb Code     0  memseta.o(.text)
    __aeabi_memset8                          0x08008e21   Thumb Code     0  memseta.o(.text)
    __aeabi_memclr                           0x08008e2f   Thumb Code     4  memseta.o(.text)
    __aeabi_memclr4                          0x08008e2f   Thumb Code     0  memseta.o(.text)
    __aeabi_memclr8                          0x08008e2f   Thumb Code     0  memseta.o(.text)
    memset                                   0x08008e33   Thumb Code    18  memseta.o(.text)
    strlen                                   0x08008e45   Thumb Code    14  strlen.o(.text)
    strcpy                                   0x08008e53   Thumb Code    18  strcpy.o(.text)
    __aeabi_dadd                             0x08008e65   Thumb Code   322  dadd.o(.text)
    __aeabi_dsub                             0x08008fa7   Thumb Code     6  dadd.o(.text)
    __aeabi_drsub                            0x08008fad   Thumb Code     6  dadd.o(.text)
    __aeabi_dmul                             0x08008fb3   Thumb Code   228  dmul.o(.text)
    __aeabi_i2d                              0x08009097   Thumb Code    34  dflti.o(.text)
    __aeabi_d2iz                             0x080090b9   Thumb Code    62  dfixi.o(.text)
    __aeabi_f2d                              0x080090f7   Thumb Code    38  f2d.o(.text)
    __aeabi_d2f                              0x0800911d   Thumb Code    56  d2f.o(.text)
    __aeabi_uidiv                            0x08009155   Thumb Code     0  uidiv.o(.text)
    __aeabi_uidivmod                         0x08009155   Thumb Code    44  uidiv.o(.text)
    __aeabi_uldivmod                         0x08009181   Thumb Code    98  uldiv.o(.text)
    __aeabi_llsl                             0x080091e3   Thumb Code    30  llshl.o(.text)
    _ll_shift_l                              0x080091e3   Thumb Code     0  llshl.o(.text)
    __aeabi_llsr                             0x08009201   Thumb Code    32  llushr.o(.text)
    _ll_ushift_r                             0x08009201   Thumb Code     0  llushr.o(.text)
    __aeabi_lasr                             0x08009221   Thumb Code    36  llsshr.o(.text)
    _ll_sshift_r                             0x08009221   Thumb Code     0  llsshr.o(.text)
    __I$use$fp                               0x08009245   Thumb Code     0  iusefp.o(.text)
    _float_round                             0x08009245   Thumb Code    18  fepilogue.o(.text)
    _float_epilogue                          0x08009257   Thumb Code    92  fepilogue.o(.text)
    _double_round                            0x080092b3   Thumb Code    30  depilogue.o(.text)
    _double_epilogue                         0x080092d1   Thumb Code   156  depilogue.o(.text)
    __aeabi_ddiv                             0x0800936d   Thumb Code   222  ddiv.o(.text)
    __aeabi_d2ulz                            0x0800944b   Thumb Code    48  dfixul.o(.text)
    __aeabi_cdrcmple                         0x0800947d   Thumb Code    48  cdrcmple.o(.text)
    __scatterload                            0x080094ad   Thumb Code    28  init.o(.text)
    __scatterload_rt2                        0x080094ad   Thumb Code     0  init.o(.text)
    __aeabi_ui2d                             0x080094d1   Thumb Code    26  dfltui.o(.text)
    __decompress                             0x080094eb   Thumb Code     0  __dczerorl2.o(.text)
    __decompress1                            0x080094eb   Thumb Code    86  __dczerorl2.o(.text)
    __0printf                                0x08009541   Thumb Code    22  printfa.o(i.__0printf)
    __1printf                                0x08009541   Thumb Code     0  printfa.o(i.__0printf)
    __2printf                                0x08009541   Thumb Code     0  printfa.o(i.__0printf)
    __c89printf                              0x08009541   Thumb Code     0  printfa.o(i.__0printf)
    printf                                   0x08009541   Thumb Code     0  printfa.o(i.__0printf)
    __0sprintf                               0x08009561   Thumb Code    34  printfa.o(i.__0sprintf)
    __1sprintf                               0x08009561   Thumb Code     0  printfa.o(i.__0sprintf)
    __2sprintf                               0x08009561   Thumb Code     0  printfa.o(i.__0sprintf)
    __c89sprintf                             0x08009561   Thumb Code     0  printfa.o(i.__0sprintf)
    sprintf                                  0x08009561   Thumb Code     0  printfa.o(i.__0sprintf)
    __ARM_fpclassify                         0x08009589   Thumb Code    48  fpclassify.o(i.__ARM_fpclassify)
    __hardfp_cos                             0x080095b9   Thumb Code   180  cos.o(i.__hardfp_cos)
    __hardfp_fabs                            0x08009681   Thumb Code    20  fabs.o(i.__hardfp_fabs)
    __hardfp_sin                             0x08009699   Thumb Code   180  sin.o(i.__hardfp_sin)
    __ieee754_rem_pio2                       0x08009761   Thumb Code   938  rred.o(i.__ieee754_rem_pio2)
    __kernel_cos                             0x08009b99   Thumb Code   322  cos_i.o(i.__kernel_cos)
    __kernel_poly                            0x08009d09   Thumb Code   248  poly.o(i.__kernel_poly)
    __kernel_sin                             0x08009e01   Thumb Code   280  sin_i.o(i.__kernel_sin)
    __mathlib_dbl_infnan                     0x08009f31   Thumb Code    20  dunder.o(i.__mathlib_dbl_infnan)
    __mathlib_dbl_invalid                    0x08009f49   Thumb Code    24  dunder.o(i.__mathlib_dbl_invalid)
    __mathlib_dbl_underflow                  0x08009f69   Thumb Code    24  dunder.o(i.__mathlib_dbl_underflow)
    __scatterload_copy                       0x08009f89   Thumb Code    14  handlers.o(i.__scatterload_copy)
    __scatterload_null                       0x08009f97   Thumb Code     2  handlers.o(i.__scatterload_null)
    __scatterload_zeroinit                   0x08009f99   Thumb Code    14  handlers.o(i.__scatterload_zeroinit)
    __set_errno                              0x08009fa9   Thumb Code     6  errno.o(i.__set_errno)
    fabs                                     0x0800a871   Thumb Code    24  fabs.o(i.fabs)
    CRC8_INIT                                0x0800a888   Data           1  judge.o(.constdata)
    CRC8_TAB                                 0x0800a889   Data         256  judge.o(.constdata)
    wCRC_Table                               0x0800a98a   Data         512  judge.o(.constdata)
    Region$$Table$$Base                      0x0800ad00   Number         0  anon$$obj.o(Region$$Table)
    Region$$Table$$Limit                     0x0800ad20   Number         0  anon$$obj.o(Region$$Table)
    SystemCoreClock                          0x20000010   Data           4  system_stm32f4xx.o(.data)
    AHBPrescTable                            0x20000014   Data          16  system_stm32f4xx.o(.data)
    UART4temp                                0x20000028   Data           1  dbus.o(.data)
    Access_buffer                            0x20000029   Data           1  dbus.o(.data)
    CRC_INIT                                 0x2000002c   Data           2  judge.o(.data)
    USART3temp                               0x2000002e   Data           1  usart3.o(.data)
    UART2temp                                0x20000030   Data           1  usart2.o(.data)
    game_state                               0x20000032   Data           6  usart2.o(.data)
    supply_action                            0x20000038   Data           6  usart2.o(.data)
    airplane_stage                           0x2000003e   Data           2  usart2.o(.data)
    time_remaining                           0x20000040   Data           2  usart2.o(.data)
    blood_remaining                          0x20000042   Data           2  usart2.o(.data)
    chassis_volt                             0x20000044   Data           2  usart2.o(.data)
    chassis_current                          0x20000046   Data           2  usart2.o(.data)
    chassis_powe                             0x20000048   Data           4  usart2.o(.data)
    chassis_powe_buffer                      0x2000004c   Data           2  usart2.o(.data)
    shooter_heat_17mm                        0x2000004e   Data           2  usart2.o(.data)
    shooter_heat_42mm                        0x20000050   Data           2  usart2.o(.data)
    airplane_attack                          0x20000052   Data           2  usart2.o(.data)
    shoot_speed                              0x20000054   Data           4  usart2.o(.data)
    robot_interactive_receive_1              0x20000058   Data           4  usart2.o(.data)
    robot_interactive_receive_2              0x2000005c   Data           4  usart2.o(.data)
    robot_interactive_receive_3              0x20000060   Data           4  usart2.o(.data)
    robot_interactive_receive_4              0x20000064   Data           4  usart2.o(.data)
    XY1                                      0x20000068   Data           4  usart2.o(.data)
    XY2                                      0x2000006c   Data           4  usart2.o(.data)
    XY3                                      0x20000070   Data           4  usart2.o(.data)
    XY4                                      0x20000074   Data           1  usart2.o(.data)
    time_2                                   0x20000078   Data           4  tim2.o(.data)
    pxCurrentTCB                             0x2000007c   Data           4  tasks.o(.data)
    SetSum                                   0x200000f0   Data           4  chassis.o(.data)
    LimitOut                                 0x200000f4   Data           4  chassis.o(.data)
    Scale                                    0x200000f8   Data           4  chassis.o(.data)
    BinarySemaphore                          0x20000114   Data           4  start.o(.data)
    StartTask_Handler                        0x20000118   Data           4  start.o(.data)
    ChassisTask_Handler                      0x2000011c   Data           4  start.o(.data)
    CanTask_Handler                          0x20000120   Data           4  start.o(.data)
    PrintfTask_Handler                       0x20000124   Data           4  start.o(.data)
    ecd_n                                    0x20000128   Data           4  message.o(.data)
    sita                                     0x2000012c   Data           4  message.o(.data)
    moto1_pid                                0x20000130   Data          20  condition.o(.data)
    moto2_pid                                0x20000144   Data          20  condition.o(.data)
    moto3_pid                                0x20000158   Data          20  condition.o(.data)
    moto4_pid                                0x2000016c   Data          20  condition.o(.data)
    __stdout                                 0x20000180   Data           4  stdout.o(.data)
    dbus_buf0                                0x20000188   Data          18  dbus.o(.bss)
    DBBUSS                                   0x2000019c   Data          16  dbus.o(.bss)
    rc_ctrl                                  0x200001ac   Data          22  dbus.o(.bss)
    RX_BUF                                   0x200001c4   Data          22  usart3.o(.bss)
    RX_BUF_1                                 0x200001dc   Data          48  usart3.o(.bss)
    JudgeDataBuffer                          0x2000020c   Data         120  usart2.o(.bss)
    field_events                             0x20000284   Data          11  usart2.o(.bss)
    robot_stage                              0x20000290   Data          44  usart2.o(.bss)
    Judge_System_Buffer                      0x200002bc   Data          28  usart2.o(.bss)
    Data_Judge_System_Send                   0x200002d8   Data          16  usart2.o(.bss)
    bullet                                   0x200002e8   Data          11  usart2.o(.bss)
    Robot_interactive_date                   0x200002f3   Data         128  usart2.o(.bss)
    xQueueRegistry                           0x20000374   Data          64  queue.o(.bss)
    X_X                                      0x200056c0   Data         312  message.o(.bss)
    MOTO_1                                   0x200057f8   Data          20  message.o(.bss)
    MOTO_2                                   0x2000580c   Data          20  message.o(.bss)
    MOTO_3                                   0x20005820   Data          20  message.o(.bss)
    MOTO_4                                   0x20005834   Data          20  message.o(.bss)
    MOTO_GM                                  0x20005848   Data          20  message.o(.bss)
    rc_ctr                                   0x2000585c   Data          22  message.o(.bss)
    __initial_sp                             0x20005c78   Data           0  startup_stm32f4xx.o(STACK)



==============================================================================

Memory Map of the image

  Image Entry point : 0x08000189

  Load Region LR_IROM1 (Base: 0x08000000, Size: 0x0000aea8, Max: 0x00100000, ABSOLUTE, COMPRESSED[0x0000ad50])

    Execution Region ER_IROM1 (Exec base: 0x08000000, Load base: 0x08000000, Size: 0x0000ad20, Max: 0x00100000, ABSOLUTE)

    Exec Addr    Load Addr    Size         Type   Attr      Idx    E Section Name        Object

    0x08000000   0x08000000   0x00000188   Data   RO          572    RESET               startup_stm32f4xx.o
    0x08000188   0x08000188   0x00000000   Code   RO         1768  * .ARM.Collect$$$$00000000  mc_w.l(entry.o)
    0x08000188   0x08000188   0x00000004   Code   RO         2103    .ARM.Collect$$$$00000001  mc_w.l(entry2.o)
    0x0800018c   0x0800018c   0x00000004   Code   RO         2106    .ARM.Collect$$$$00000004  mc_w.l(entry5.o)
    0x08000190   0x08000190   0x00000000   Code   RO         2108    .ARM.Collect$$$$00000008  mc_w.l(entry7b.o)
    0x08000190   0x08000190   0x00000000   Code   RO         2110    .ARM.Collect$$$$0000000A  mc_w.l(entry8b.o)
    0x08000190   0x08000190   0x00000008   Code   RO         2111    .ARM.Collect$$$$0000000B  mc_w.l(entry9a.o)
    0x08000198   0x08000198   0x00000000   Code   RO         2113    .ARM.Collect$$$$0000000D  mc_w.l(entry10a.o)
    0x08000198   0x08000198   0x00000000   Code   RO         2115    .ARM.Collect$$$$0000000F  mc_w.l(entry11a.o)
    0x08000198   0x08000198   0x00000004   Code   RO         2104    .ARM.Collect$$$$00002712  mc_w.l(entry2.o)
    0x0800019c   0x0800019c   0x000000be   Code   RO         1441    .emb_text           port.o
    0x0800025a   0x0800025a   0x00000002   PAD
    0x0800025c   0x0800025c   0x00000080   Code   RO            4    .text               main.o
    0x080002dc   0x080002dc   0x000000e0   Code   RO          203    .text               misc.o
    0x080003bc   0x080003bc   0x00000014   Code   RO          271    .text               stm32f4xx_it.o
    0x080003d0   0x080003d0   0x00000ca2   Code   RO          325    .text               stm32f4xx_tim.o
    0x08001072   0x08001072   0x00000002   PAD
    0x08001074   0x08001074   0x00000588   Code   RO          373    .text               stm32f4xx_rcc.o
    0x080015fc   0x080015fc   0x000009f0   Code   RO          399    .text               stm32f4xx_can.o
    0x08001fec   0x08001fec   0x0000025c   Code   RO          447    .text               stm32f4xx_gpio.o
    0x08002248   0x08002248   0x000003a8   Code   RO          471    .text               stm32f4xx_dma.o
    0x080025f0   0x080025f0   0x0000041a   Code   RO          495    .text               stm32f4xx_usart.o
    0x08002a0a   0x08002a0a   0x00000002   PAD
    0x08002a0c   0x08002a0c   0x00000210   Code   RO          543    .text               system_stm32f4xx.o
    0x08002c1c   0x08002c1c   0x00000024   Code   RO          573    .text               startup_stm32f4xx.o
    0x08002c40   0x08002c40   0x000000ec   Code   RO          634    .text               delay.o
    0x08002d2c   0x08002d2c   0x000000b8   Code   RO          679    .text               nvic.o
    0x08002de4   0x08002de4   0x00000278   Code   RO          703    .text               dbus.o
    0x0800305c   0x0800305c   0x00000114   Code   RO          745    .text               judge.o
    0x08003170   0x08003170   0x00000074   Code   RO          800    .text               led.o
    0x080031e4   0x080031e4   0x000000e0   Code   RO          824    .text               usart1.o
    0x080032c4   0x080032c4   0x0000026c   Code   RO          852    .text               usart3.o
    0x08003530   0x08003530   0x00000104   Code   RO          890    .text               uart4.o
    0x08003634   0x08003634   0x00000890   Code   RO          915    .text               usart2.o
    0x08003ec4   0x08003ec4   0x00000108   Code   RO          947    .text               pwm1.o
    0x08003fcc   0x08003fcc   0x0000006c   Code   RO          971    .text               tim2.o
    0x08004038   0x08004038   0x000000dc   Code   RO          998    .text               can1.o
    0x08004114   0x08004114   0x000000e8   Code   RO         1025    .text               can2.o
    0x080041fc   0x080041fc   0x00000094   Code   RO         1238    .text               list.o
    0x08004290   0x08004290   0x00000fd0   Code   RO         1265    .text               queue.o
    0x08005260   0x08005260   0x00001aa0   Code   RO         1341    .text               tasks.o
    0x08006d00   0x08006d00   0x0000064c   Code   RO         1384    .text               timers.o
    0x0800734c   0x0800734c   0x000002a0   Code   RO         1414    .text               heap_4.o
    0x080075ec   0x080075ec   0x0000033c   Code   RO         1442    .text               port.o
    0x08007928   0x08007928   0x00000c3c   Code   RO         1483    .text               chassis.o
    0x08008564   0x08008564   0x000000f4   Code   RO         1535    .text               pid.o
    0x08008658   0x08008658   0x000000c8   Code   RO         1562    .text               start.o
    0x08008720   0x08008720   0x000001ec   Code   RO         1600    .text               message.o
    0x0800890c   0x0800890c   0x00000320   Code   RO         1631    .text               can_task.o
    0x08008c2c   0x08008c2c   0x000001d0   Code   RO         1679    .text               repot.o
    0x08008dfc   0x08008dfc   0x00000024   Code   RO         1771    .text               mc_w.l(memcpya.o)
    0x08008e20   0x08008e20   0x00000024   Code   RO         1775    .text               mc_w.l(memseta.o)
    0x08008e44   0x08008e44   0x0000000e   Code   RO         1777    .text               mc_w.l(strlen.o)
    0x08008e52   0x08008e52   0x00000012   Code   RO         1779    .text               mc_w.l(strcpy.o)
    0x08008e64   0x08008e64   0x0000014e   Code   RO         2044    .text               mf_w.l(dadd.o)
    0x08008fb2   0x08008fb2   0x000000e4   Code   RO         2046    .text               mf_w.l(dmul.o)
    0x08009096   0x08009096   0x00000022   Code   RO         2048    .text               mf_w.l(dflti.o)
    0x080090b8   0x080090b8   0x0000003e   Code   RO         2050    .text               mf_w.l(dfixi.o)
    0x080090f6   0x080090f6   0x00000026   Code   RO         2052    .text               mf_w.l(f2d.o)
    0x0800911c   0x0800911c   0x00000038   Code   RO         2054    .text               mf_w.l(d2f.o)
    0x08009154   0x08009154   0x0000002c   Code   RO         2118    .text               mc_w.l(uidiv.o)
    0x08009180   0x08009180   0x00000062   Code   RO         2120    .text               mc_w.l(uldiv.o)
    0x080091e2   0x080091e2   0x0000001e   Code   RO         2122    .text               mc_w.l(llshl.o)
    0x08009200   0x08009200   0x00000020   Code   RO         2124    .text               mc_w.l(llushr.o)
    0x08009220   0x08009220   0x00000024   Code   RO         2126    .text               mc_w.l(llsshr.o)
    0x08009244   0x08009244   0x00000000   Code   RO         2135    .text               mc_w.l(iusefp.o)
    0x08009244   0x08009244   0x0000006e   Code   RO         2136    .text               mf_w.l(fepilogue.o)
    0x080092b2   0x080092b2   0x000000ba   Code   RO         2138    .text               mf_w.l(depilogue.o)
    0x0800936c   0x0800936c   0x000000de   Code   RO         2140    .text               mf_w.l(ddiv.o)
    0x0800944a   0x0800944a   0x00000030   Code   RO         2146    .text               mf_w.l(dfixul.o)
    0x0800947a   0x0800947a   0x00000002   PAD
    0x0800947c   0x0800947c   0x00000030   Code   RO         2150    .text               mf_w.l(cdrcmple.o)
    0x080094ac   0x080094ac   0x00000024   Code   RO         2152    .text               mc_w.l(init.o)
    0x080094d0   0x080094d0   0x0000001a   Code   RO         2154    .text               mf_w.l(dfltui.o)
    0x080094ea   0x080094ea   0x00000056   Code   RO         2164    .text               mc_w.l(__dczerorl2.o)
    0x08009540   0x08009540   0x00000020   Code   RO         2016    i.__0printf         mc_w.l(printfa.o)
    0x08009560   0x08009560   0x00000028   Code   RO         2018    i.__0sprintf        mc_w.l(printfa.o)
    0x08009588   0x08009588   0x00000030   Code   RO         2087    i.__ARM_fpclassify  m_wm.l(fpclassify.o)
    0x080095b8   0x080095b8   0x000000c8   Code   RO         1726    i.__hardfp_cos      m_wm.l(cos.o)
    0x08009680   0x08009680   0x00000014   Code   RO         1738    i.__hardfp_fabs     m_wm.l(fabs.o)
    0x08009694   0x08009694   0x00000004   PAD
    0x08009698   0x08009698   0x000000c8   Code   RO         1744    i.__hardfp_sin      m_wm.l(sin.o)
    0x08009760   0x08009760   0x00000438   Code   RO         2092    i.__ieee754_rem_pio2  m_wm.l(rred.o)
    0x08009b98   0x08009b98   0x00000170   Code   RO         2070    i.__kernel_cos      m_wm.l(cos_i.o)
    0x08009d08   0x08009d08   0x000000f8   Code   RO         2089    i.__kernel_poly     m_wm.l(poly.o)
    0x08009e00   0x08009e00   0x00000130   Code   RO         2097    i.__kernel_sin      m_wm.l(sin_i.o)
    0x08009f30   0x08009f30   0x00000014   Code   RO         2074    i.__mathlib_dbl_infnan  m_wm.l(dunder.o)
    0x08009f44   0x08009f44   0x00000004   PAD
    0x08009f48   0x08009f48   0x00000020   Code   RO         2076    i.__mathlib_dbl_invalid  m_wm.l(dunder.o)
    0x08009f68   0x08009f68   0x00000020   Code   RO         2079    i.__mathlib_dbl_underflow  m_wm.l(dunder.o)
    0x08009f88   0x08009f88   0x0000000e   Code   RO         2158    i.__scatterload_copy  mc_w.l(handlers.o)
    0x08009f96   0x08009f96   0x00000002   Code   RO         2159    i.__scatterload_null  mc_w.l(handlers.o)
    0x08009f98   0x08009f98   0x0000000e   Code   RO         2160    i.__scatterload_zeroinit  mc_w.l(handlers.o)
    0x08009fa6   0x08009fa6   0x00000002   PAD
    0x08009fa8   0x08009fa8   0x0000000c   Code   RO         2130    i.__set_errno       mc_w.l(errno.o)
    0x08009fb4   0x08009fb4   0x00000184   Code   RO         2023    i._fp_digits        mc_w.l(printfa.o)
    0x0800a138   0x0800a138   0x000006dc   Code   RO         2024    i._printf_core      mc_w.l(printfa.o)
    0x0800a814   0x0800a814   0x00000024   Code   RO         2025    i._printf_post_padding  mc_w.l(printfa.o)
    0x0800a838   0x0800a838   0x0000002e   Code   RO         2026    i._printf_pre_padding  mc_w.l(printfa.o)
    0x0800a866   0x0800a866   0x0000000a   Code   RO         2028    i._sputc            mc_w.l(printfa.o)
    0x0800a870   0x0800a870   0x00000018   Code   RO         1740    i.fabs              m_wm.l(fabs.o)
    0x0800a888   0x0800a888   0x00000302   Data   RO          746    .constdata          judge.o
    0x0800ab8a   0x0800ab8a   0x00000006   PAD
    0x0800ab90   0x0800ab90   0x00000030   Data   RO         2071    .constdata          m_wm.l(cos_i.o)
    0x0800abc0   0x0800abc0   0x000000c8   Data   RO         2094    .constdata          m_wm.l(rred.o)
    0x0800ac88   0x0800ac88   0x00000028   Data   RO         2098    .constdata          m_wm.l(sin_i.o)
    0x0800acb0   0x0800acb0   0x0000004f   Data   RO            5    .conststring        main.o
    0x0800acff   0x0800acff   0x00000001   PAD
    0x0800ad00   0x0800ad00   0x00000020   Data   RO         2156    Region$$Table       anon$$obj.o


    Execution Region RW_IRAM1 (Exec base: 0x20000000, Load base: 0x0800ad20, Size: 0x00005c78, Max: 0x00020000, ABSOLUTE, COMPRESSED[0x00000030])

    Exec Addr    Load Addr    Size         Type   Attr      Idx    E Section Name        Object

    0x20000000   COMPRESSED   0x00000010   Data   RW          374    .data               stm32f4xx_rcc.o
    0x20000010   COMPRESSED   0x00000014   Data   RW          544    .data               system_stm32f4xx.o
    0x20000024   COMPRESSED   0x00000004   Data   RW          635    .data               delay.o
    0x20000028   COMPRESSED   0x00000004   Data   RW          705    .data               dbus.o
    0x2000002c   COMPRESSED   0x00000002   Data   RW          747    .data               judge.o
    0x2000002e   COMPRESSED   0x00000001   Data   RW          854    .data               usart3.o
    0x2000002f   COMPRESSED   0x00000001   PAD
    0x20000030   COMPRESSED   0x00000045   Data   RW          917    .data               usart2.o
    0x20000075   COMPRESSED   0x00000003   PAD
    0x20000078   COMPRESSED   0x00000004   Data   RW          972    .data               tim2.o
    0x2000007c   COMPRESSED   0x0000003c   Data   RW         1343    .data               tasks.o
    0x200000b8   COMPRESSED   0x00000014   Data   RW         1386    .data               timers.o
    0x200000cc   COMPRESSED   0x00000018   Data   RW         1416    .data               heap_4.o
    0x200000e4   COMPRESSED   0x0000000c   Data   RW         1443    .data               port.o
    0x200000f0   COMPRESSED   0x00000024   Data   RW         1484    .data               chassis.o
    0x20000114   COMPRESSED   0x00000014   Data   RW         1563    .data               start.o
    0x20000128   COMPRESSED   0x00000008   Data   RW         1602    .data               message.o
    0x20000130   COMPRESSED   0x00000050   Data   RW         1655    .data               condition.o
    0x20000180   COMPRESSED   0x00000004   Data   RW         2117    .data               mc_w.l(stdout.o)
    0x20000184   COMPRESSED   0x00000004   Data   RW         2131    .data               mc_w.l(errno.o)
    0x20000188        -       0x0000003a   Zero   RW          704    .bss                dbus.o
    0x200001c2   COMPRESSED   0x00000002   PAD
    0x200001c4        -       0x00000048   Zero   RW          853    .bss                usart3.o
    0x2000020c        -       0x00000167   Zero   RW          916    .bss                usart2.o
    0x20000373   COMPRESSED   0x00000001   PAD
    0x20000374        -       0x00000040   Zero   RW         1266    .bss                queue.o
    0x200003b4        -       0x000002e4   Zero   RW         1342    .bss                tasks.o
    0x20000698        -       0x00000028   Zero   RW         1385    .bss                timers.o
    0x200006c0        -       0x00005000   Zero   RW         1415    .bss                heap_4.o
    0x200056c0        -       0x000001b2   Zero   RW         1601    .bss                message.o
    0x20005872   COMPRESSED   0x00000006   PAD
    0x20005878        -       0x00000400   Zero   RW          570    STACK               startup_stm32f4xx.o


==============================================================================

Image component sizes


      Code (inc. data)   RO Data    RW Data    ZI Data      Debug   Object Name

       220          8          0          0          0        677   can1.o
       232         10          0          0          0        685   can2.o
       800         56          0          0          0       2810   can_task.o
      3132        138          0         36          0       4804   chassis.o
         0          0          0         80          0        622   condition.o
       632         34          0          4         58       5476   dbus.o
       236          8          0          4          0       1653   delay.o
         0          0          0          0          0       9356   event_groups.o
       672         82          0         24      20480       3380   heap_4.o
       276         14        770          2          0       3028   judge.o
       116         10          0          0          0        564   led.o
       148          0          0          0          0       1946   list.o
       128         14         79          0          0     281229   main.o
       492         52          0          8        434       4531   message.o
       224         20          0          0          0     276525   misc.o
       184          0          0          0          0        603   nvic.o
       244          0          0          0          0       1840   pid.o
      1018        112          0         12          0       8275   port.o
       264          8          0          0          0        690   pwm1.o
      4048         56          0          0         64      20838   queue.o
       464         20          0          0          0       1741   repot.o
       200         88          0         20          0       1094   start.o
        36          8        392          0       1024        836   startup_stm32f4xx.o
      2544         38          0          0          0       8188   stm32f4xx_can.o
       936         32          0          0          0       6437   stm32f4xx_dma.o
       604         36          0          0          0       4173   stm32f4xx_gpio.o
        20          0          0          0          0        983   stm32f4xx_it.o
      1416         48          0         16          0      11103   stm32f4xx_rcc.o
      3234         60          0          0          0      23056   stm32f4xx_tim.o
      1050         26          0          0          0       7900   stm32f4xx_usart.o
       528         46          0         20          0       1911   system_stm32f4xx.o
      6816        414          0         60        740      34312   tasks.o
       108          4          0          4          0        858   tim2.o
      1612        110          0         20         40      11823   timers.o
       260         26          0          0          0        702   uart4.o
       224         10          0          0          0       1215   usart1.o
      2192        180          0         69        359       7791   usart2.o
       620         42          0          1         72       6340   usart3.o

    ----------------------------------------------------------------------
     35936       1810       1280        384      23280     759995   Object Totals
         0          0         32          0          0          0   (incl. Generated)
         6          0          7          4          9          0   (incl. Padding)

    ----------------------------------------------------------------------

      Code (inc. data)   RO Data    RW Data    ZI Data      Debug   Library Member Name

       200         20          0          0          0        164   cos.o
       368         46         48          0          0        200   cos_i.o
        84         16          0          0          0        372   dunder.o
        44          0          0          0          0        248   fabs.o
        48          0          0          0          0        124   fpclassify.o
       248          0          0          0          0        152   poly.o
      1080        142        200          0          0        188   rred.o
       200         20          0          0          0        164   sin.o
       304         24         40          0          0        208   sin_i.o
        86          0          0          0          0          0   __dczerorl2.o
         0          0          0          0          0          0   entry.o
         0          0          0          0          0          0   entry10a.o
         0          0          0          0          0          0   entry11a.o
         8          4          0          0          0          0   entry2.o
         4          0          0          0          0          0   entry5.o
         0          0          0          0          0          0   entry7b.o
         0          0          0          0          0          0   entry8b.o
         8          4          0          0          0          0   entry9a.o
        12          6          0          4          0         68   errno.o
        30          0          0          0          0          0   handlers.o
        36          8          0          0          0         68   init.o
         0          0          0          0          0          0   iusefp.o
        30          0          0          0          0         68   llshl.o
        36          0          0          0          0         68   llsshr.o
        32          0          0          0          0         68   llushr.o
        36          0          0          0          0         68   memcpya.o
        36          0          0          0          0        108   memseta.o
      2308         96          0          0          0        604   printfa.o
         0          0          0          4          0          0   stdout.o
        18          0          0          0          0         68   strcpy.o
        14          0          0          0          0         68   strlen.o
        44          0          0          0          0         80   uidiv.o
        98          0          0          0          0         92   uldiv.o
        48          0          0          0          0         68   cdrcmple.o
        56          0          0          0          0         88   d2f.o
       334          0          0          0          0        148   dadd.o
       222          0          0          0          0        100   ddiv.o
       186          0          0          0          0        176   depilogue.o
        62          0          0          0          0         80   dfixi.o
        48          0          0          0          0         68   dfixul.o
        34          0          0          0          0         76   dflti.o
        26          0          0          0          0         76   dfltui.o
       228          0          0          0          0         96   dmul.o
        38          0          0          0          0         68   f2d.o
       110          0          0          0          0        168   fepilogue.o

    ----------------------------------------------------------------------
      6816        386        288          8          0       4460   Library Totals
        12          0          0          0          0          0   (incl. Padding)

    ----------------------------------------------------------------------

      Code (inc. data)   RO Data    RW Data    ZI Data      Debug   Library Name

      2576        268        288          0          0       1820   m_wm.l
      2836        118          0          8          0       1428   mc_w.l
      1392          0          0          0          0       1212   mf_w.l

    ----------------------------------------------------------------------
      6816        386        288          8          0       4460   Library Totals

    ----------------------------------------------------------------------

==============================================================================


      Code (inc. data)   RO Data    RW Data    ZI Data      Debug   

     42752       2196       1568        392      23280     755535   Grand Totals
     42752       2196       1568         48      23280     755535   ELF Image Totals (compressed)
     42752       2196       1568         48          0          0   ROM Totals

==============================================================================

    Total RO  Size (Code + RO Data)                44320 (  43.28kB)
    Total RW  Size (RW Data + ZI Data)             23672 (  23.12kB)
    Total ROM Size (Code + RO Data + RW Data)      44368 (  43.33kB)

==============================================================================

